2025-01-20T21:02:26.806100+00:00 pkrvmdm07f8kizn kernel: hv_balloon: Max. dynamic memory size: 16384 MB
2025-01-20T21:02:36.692474+00:00 pkrvmdm07f8kizn dbus-daemon[749]: [system] Activating via systemd: service name='org.freedesktop.PackageKit' unit='packagekit.service' requested by ':1.19' (uid=0 pid=2127 comm="/usr/bin/gdbus call --system --dest org.freedeskto" label="unconfined")
2025-01-20T21:02:36.710129+00:00 pkrvmdm07f8kizn systemd[1]: Starting packagekit.service - PackageKit Daemon...
2025-01-20T21:02:36.715790+00:00 pkrvmdm07f8kizn PackageKit: daemon start
2025-01-20T21:02:36.742612+00:00 pkrvmdm07f8kizn dbus-daemon[749]: [system] Successfully activated service 'org.freedesktop.PackageKit'
2025-01-20T21:02:36.742735+00:00 pkrvmdm07f8kizn systemd[1]: Started packagekit.service - PackageKit Daemon.
2025-01-20T21:03:08.907624+00:00 pkrvmdm07f8kizn python3[777]: 2025-01-20T21:03:08.907374Z INFO Daemon Daemon Agent WALinuxAgent-2.9.1.1 forwarding signal 15 to WALinuxAgent-2.12.0.2
2025-01-20T21:03:08.907980+00:00 pkrvmdm07f8kizn systemd[1]: Stopping walinuxagent.service - Azure Linux Agent...
2025-01-20T21:03:08.950162+00:00 pkrvmdm07f8kizn systemd[1]: walinuxagent.service: Deactivated successfully.
2025-01-20T21:03:08.950341+00:00 pkrvmdm07f8kizn systemd[1]: Stopped walinuxagent.service - Azure Linux Agent.
2025-01-20T21:03:08.950556+00:00 pkrvmdm07f8kizn systemd[1]: walinuxagent.service: Consumed 2.792s CPU time.
2025-01-20T21:03:08.953871+00:00 pkrvmdm07f8kizn systemd-resolved[653]: Failed to determine the local hostname and LLMNR/mDNS names, ignoring: No such device or address
2025-01-20T21:03:12.739540+00:00 pkrvmdm07f8kizn kernel: hv_utils: Shutdown request received - graceful shutdown initiated
2025-01-20T21:03:12.755459+00:00 pkrvmdm07f8kizn systemd[1]: systemd-tmpfiles-setup.service: Found ordering cycle on systemd-resolved.service/stop
2025-01-20T21:03:12.755558+00:00 pkrvmdm07f8kizn systemd[1]: systemd-tmpfiles-setup.service: Found dependency on network.target/stop
2025-01-20T21:03:12.755607+00:00 pkrvmdm07f8kizn systemd[1]: systemd-tmpfiles-setup.service: Found dependency on network-online.target/stop
2025-01-20T21:03:12.755648+00:00 pkrvmdm07f8kizn systemd[1]: systemd-tmpfiles-setup.service: Found dependency on mnt.mount/stop
2025-01-20T21:03:12.755686+00:00 pkrvmdm07f8kizn systemd[1]: systemd-tmpfiles-setup.service: Found dependency on mnt-swapfile.swap/stop
2025-01-20T21:03:12.755725+00:00 pkrvmdm07f8kizn systemd[1]: systemd-tmpfiles-setup.service: Found dependency on swap.target/stop
2025-01-20T21:03:12.755784+00:00 pkrvmdm07f8kizn systemd[1]: systemd-tmpfiles-setup.service: Found dependency on run-user-1000.mount/stop
2025-01-20T21:03:12.755822+00:00 pkrvmdm07f8kizn systemd[1]: systemd-tmpfiles-setup.service: Found dependency on local-fs.target/stop
2025-01-20T21:03:12.755859+00:00 pkrvmdm07f8kizn systemd[1]: systemd-tmpfiles-setup.service: Found dependency on systemd-tmpfiles-setup.service/stop
2025-01-20T21:03:12.755895+00:00 pkrvmdm07f8kizn systemd[1]: systemd-tmpfiles-setup.service: Job systemd-resolved.service/stop deleted to break ordering cycle starting with systemd-tmpfiles-setup.service/stop
2025-01-20T21:03:12.762177+00:00 pkrvmdm07f8kizn systemd[1]: Stopping session-1.scope - Session 1 of User packer...
2025-01-20T21:03:12.766678+00:00 pkrvmdm07f8kizn systemd[1]: Removed slice system-modprobe.slice - Slice /system/modprobe.
2025-01-20T21:03:12.771620+00:00 pkrvmdm07f8kizn systemd[1]: Stopped target cloud-init.target - Cloud-init target.
2025-01-20T21:03:12.776006+00:00 pkrvmdm07f8kizn systemd[1]: Stopped target graphical.target - Graphical Interface.
2025-01-20T21:03:12.780498+00:00 pkrvmdm07f8kizn systemd[1]: Stopped target nss-lookup.target - Host and Network Name Lookups.
2025-01-20T21:03:12.785720+00:00 pkrvmdm07f8kizn systemd[1]: Stopped target timers.target - Timer Units.
2025-01-20T21:03:12.789737+00:00 pkrvmdm07f8kizn systemd[1]: dpkg-db-backup.timer: Deactivated successfully.
2025-01-20T21:03:12.789810+00:00 pkrvmdm07f8kizn systemd[1]: Stopped dpkg-db-backup.timer - Daily dpkg database backup timer.
2025-01-20T21:03:12.794566+00:00 pkrvmdm07f8kizn systemd[1]: e2scrub_all.timer: Deactivated successfully.
2025-01-20T21:03:12.794694+00:00 pkrvmdm07f8kizn systemd[1]: Stopped e2scrub_all.timer - Periodic ext4 Online Metadata Check for All Filesystems.
2025-01-20T21:03:12.800109+00:00 pkrvmdm07f8kizn systemd[1]: fstrim.timer: Deactivated successfully.
2025-01-20T21:03:12.800197+00:00 pkrvmdm07f8kizn systemd[1]: Stopped fstrim.timer - Discard unused filesystem blocks once a week.
2025-01-20T21:03:12.805196+00:00 pkrvmdm07f8kizn systemd[1]: fwupd-refresh.timer: Deactivated successfully.
2025-01-20T21:03:12.805242+00:00 pkrvmdm07f8kizn systemd[1]: Stopped fwupd-refresh.timer - Refresh fwupd metadata regularly.
2025-01-20T21:03:12.810014+00:00 pkrvmdm07f8kizn systemd[1]: logrotate.timer: Deactivated successfully.
2025-01-20T21:03:12.810080+00:00 pkrvmdm07f8kizn systemd[1]: Stopped logrotate.timer - Daily rotation of log files.
2025-01-20T21:03:12.814225+00:00 pkrvmdm07f8kizn systemd[1]: man-db.timer: Deactivated successfully.
2025-01-20T21:03:12.814287+00:00 pkrvmdm07f8kizn systemd[1]: Stopped man-db.timer - Daily man-db regeneration.
2025-01-20T21:03:12.818452+00:00 pkrvmdm07f8kizn systemd[1]: motd-news.timer: Deactivated successfully.
2025-01-20T21:03:12.818508+00:00 pkrvmdm07f8kizn systemd[1]: Stopped motd-news.timer - Message of the Day.
2025-01-20T21:03:12.822504+00:00 pkrvmdm07f8kizn systemd[1]: phpsessionclean.timer: Deactivated successfully.
2025-01-20T21:03:12.822558+00:00 pkrvmdm07f8kizn systemd[1]: Stopped phpsessionclean.timer - Clean PHP session files every 30 mins.
2025-01-20T21:03:12.827571+00:00 pkrvmdm07f8kizn systemd[1]: sysstat-collect.timer: Deactivated successfully.
2025-01-20T21:03:12.827638+00:00 pkrvmdm07f8kizn systemd[1]: Stopped sysstat-collect.timer - Run system activity accounting tool every 10 minutes.
2025-01-20T21:03:12.832989+00:00 pkrvmdm07f8kizn systemd[1]: sysstat-summary.timer: Deactivated successfully.
2025-01-20T21:03:12.833052+00:00 pkrvmdm07f8kizn systemd[1]: Stopped sysstat-summary.timer - Generate summary of yesterday's process accounting.
2025-01-20T21:03:12.838314+00:00 pkrvmdm07f8kizn systemd[1]: systemd-tmpfiles-clean.timer: Deactivated successfully.
2025-01-20T21:03:12.838376+00:00 pkrvmdm07f8kizn systemd[1]: Stopped systemd-tmpfiles-clean.timer - Daily Cleanup of Temporary Directories.
2025-01-20T21:03:12.843399+00:00 pkrvmdm07f8kizn systemd[1]: update-notifier-download.timer: Deactivated successfully.
2025-01-20T21:03:12.843456+00:00 pkrvmdm07f8kizn systemd[1]: Stopped update-notifier-download.timer - Download data for packages that failed at package install time.
2025-01-20T21:03:12.848627+00:00 pkrvmdm07f8kizn systemd[1]: update-notifier-motd.timer: Deactivated successfully.
2025-01-20T21:03:12.848722+00:00 pkrvmdm07f8kizn systemd[1]: Stopped update-notifier-motd.timer - Check to see whether there is a new version of Ubuntu available.
2025-01-20T21:03:12.853855+00:00 pkrvmdm07f8kizn systemd[1]: cloud-init-hotplugd.socket: Deactivated successfully.
2025-01-20T21:03:12.853975+00:00 pkrvmdm07f8kizn systemd[1]: Closed cloud-init-hotplugd.socket - cloud-init hotplug hook socket.
2025-01-20T21:03:12.858922+00:00 pkrvmdm07f8kizn systemd[1]: lvm2-lvmpolld.socket: Deactivated successfully.
2025-01-20T21:03:12.859039+00:00 pkrvmdm07f8kizn systemd[1]: Closed lvm2-lvmpolld.socket - LVM2 poll daemon socket.
2025-01-20T21:03:12.863464+00:00 pkrvmdm07f8kizn systemd[1]: systemd-rfkill.socket: Deactivated successfully.
2025-01-20T21:03:12.863573+00:00 pkrvmdm07f8kizn systemd[1]: Closed systemd-rfkill.socket - Load/Save RF Kill Switch Status /dev/rfkill Watch.
2025-01-20T21:03:12.882033+00:00 pkrvmdm07f8kizn systemd[1]: Stopping blk-availability.service - Availability of block devices...
2025-01-20T21:03:12.886582+00:00 pkrvmdm07f8kizn systemd[1]: cloud-final.service: Deactivated successfully.
2025-01-20T21:03:12.886863+00:00 pkrvmdm07f8kizn systemd[1]: Stopped cloud-final.service - Cloud-init: Final Stage.
2025-01-20T21:03:12.891257+00:00 pkrvmdm07f8kizn systemd[1]: Stopped target multi-user.target - Multi-User System.
2025-01-20T21:03:12.895602+00:00 pkrvmdm07f8kizn systemd[1]: Stopped target getty.target - Login Prompts.
2025-01-20T21:03:12.900085+00:00 pkrvmdm07f8kizn systemd[1]: Stopping ModemManager.service - Modem Manager...
2025-01-20T21:03:12.900314+00:00 pkrvmdm07f8kizn ModemManager[954]: <msg> caught signal, shutting down...
2025-01-20T21:03:12.901167+00:00 pkrvmdm07f8kizn ModemManager[954]: <msg> ModemManager is shut down
2025-01-20T21:03:12.903918+00:00 pkrvmdm07f8kizn systemd[1]: Stopping cron.service - Regular background program processing daemon...
2025-01-20T21:03:12.904703+00:00 pkrvmdm07f8kizn blkdeactivate[2206]: Deactivating block devices:
2025-01-20T21:03:12.908679+00:00 pkrvmdm07f8kizn systemd[1]: Stopping docker.service - Docker Application Container Engine...
2025-01-20T21:03:12.909002+00:00 pkrvmdm07f8kizn dockerd[981]: time="2025-01-20T21:03:12.908635709Z" level=info msg="Processing signal 'terminated'"
2025-01-20T21:03:12.942040+00:00 pkrvmdm07f8kizn dockerd[981]: time="2025-01-20T21:03:12.909773908Z" level=info msg="stopping event stream following graceful shutdown" error="<nil>" module=libcontainerd namespace=moby
2025-01-20T21:03:12.942099+00:00 pkrvmdm07f8kizn dockerd[981]: time="2025-01-20T21:03:12.910121187Z" level=info msg="Daemon shutdown complete"
2025-01-20T21:03:12.942134+00:00 pkrvmdm07f8kizn dockerd[981]: time="2025-01-20T21:03:12.910199587Z" level=info msg="stopping event stream following graceful shutdown" error="context canceled" module=libcontainerd namespace=plugins.moby
2025-01-20T21:03:12.942210+00:00 pkrvmdm07f8kizn systemd[1]: ephemeral-disk-warning.service: Deactivated successfully.
2025-01-20T21:03:12.942833+00:00 pkrvmdm07f8kizn systemd[1]: Stopped ephemeral-disk-warning.service - Write warning to Azure ephemeral disk.
2025-01-20T21:03:12.944128+00:00 pkrvmdm07f8kizn systemd[1]: cloud-config.service: Deactivated successfully.
2025-01-20T21:03:12.944191+00:00 pkrvmdm07f8kizn systemd[1]: Stopped cloud-config.service - Cloud-init: Config Stage.
2025-01-20T21:03:12.944318+00:00 pkrvmdm07f8kizn systemd[1]: Stopped target cloud-config.target - Cloud-config availability.
2025-01-20T21:03:12.944408+00:00 pkrvmdm07f8kizn systemd[1]: Stopping finalrd.service - Create final runtime dir for shutdown pivot root...
2025-01-20T21:03:12.944486+00:00 pkrvmdm07f8kizn systemd[1]: Stopping getty@tty1.service - Getty on tty1...
2025-01-20T21:03:12.946249+00:00 pkrvmdm07f8kizn systemd[1]: Stopping networkd-dispatcher.service - Dispatcher daemon for systemd-networkd...
2025-01-20T21:03:12.949783+00:00 pkrvmdm07f8kizn systemd[1]: Stopping packagekit.service - PackageKit Daemon...
2025-01-20T21:03:12.953544+00:00 pkrvmdm07f8kizn systemd[1]: Stopping php8.3-fpm.service - The PHP 8.3 FastCGI Process Manager...
2025-01-20T21:03:12.958171+00:00 pkrvmdm07f8kizn systemd[1]: plymouth-quit.service: Deactivated successfully.
2025-01-20T21:03:12.958299+00:00 pkrvmdm07f8kizn systemd[1]: Stopped plymouth-quit.service - Terminate Plymouth Boot Screen.
2025-02-21T18:43:52.294835+00:00 fv-az1236-360 systemd[1]: Mounted dev-hugepages.mount - Huge Pages File System.
2025-02-21T18:43:52.294891+00:00 fv-az1236-360 kernel: Booting Linux on physical CPU 0x0000000000 [0x410fd490]
2025-02-21T18:43:52.294915+00:00 fv-az1236-360 systemd[1]: Mounted dev-mqueue.mount - POSIX Message Queue File System.
2025-02-21T18:43:52.294922+00:00 fv-az1236-360 systemd[1]: Mounted sys-kernel-debug.mount - Kernel Debug File System.
2025-02-21T18:43:52.294925+00:00 fv-az1236-360 kernel: Linux version 6.8.0-1020-azure (buildd@bos03-arm64-066) (aarch64-linux-gnu-gcc-13 (Ubuntu 13.3.0-6ubuntu2~24.04) 13.3.0, GNU ld (GNU Binutils for Ubuntu) 2.42) #23-Ubuntu SMP Fri Dec  6 22:49:57 UTC 2024 (Ubuntu 6.8.0-1020.23-azure 6.8.12)
2025-02-21T18:43:52.294924+00:00 fv-az1236-360 systemd[1]: Mounted sys-kernel-tracing.mount - Kernel Trace File System.
2025-02-21T18:43:52.294926+00:00 fv-az1236-360 kernel: KASLR enabled
2025-02-21T18:43:52.294927+00:00 fv-az1236-360 kernel: earlycon: pl11 at MMIO 0x00000000effec000 (options '')
2025-02-21T18:43:52.294928+00:00 fv-az1236-360 kernel: printk: legacy bootconsole [pl11] enabled
2025-02-21T18:43:52.294928+00:00 fv-az1236-360 kernel: efi: EFI v2.7 by EDK II
2025-02-21T18:43:52.294928+00:00 fv-az1236-360 kernel: efi: ACPI 2.0=0x3fd5f018 SMBIOS=0x3e580000 SMBIOS 3.0=0x3e560000 MEMATTR=0x3f20d418 MOKvar=0x3e340000 RNG=0x3fd5f698 MEMRESERVE=0x3e476e18 
2025-02-21T18:43:52.294930+00:00 fv-az1236-360 kernel: random: crng init done
2025-02-21T18:43:52.294930+00:00 fv-az1236-360 kernel: secureboot: Secure boot disabled
2025-02-21T18:43:52.294930+00:00 fv-az1236-360 kernel: ACPI: Early table checksum verification disabled
2025-02-21T18:43:52.294931+00:00 fv-az1236-360 kernel: ACPI: RSDP 0x000000003FD5F018 000024 (v02 VRTUAL)
2025-02-21T18:43:52.294928+00:00 fv-az1236-360 systemd-fsck[170]: cloudimg-rootfs: clean, 334053/9699328 files, 5386178/19398395 blocks
2025-02-21T18:43:52.294931+00:00 fv-az1236-360 kernel: ACPI: XSDT 0x000000003FD5FF18 00006C (v01 VRTUAL MICROSFT 00000001 MSFT 00000001)
2025-02-21T18:43:52.294933+00:00 fv-az1236-360 kernel: ACPI: FACP 0x000000003FD5FC18 000114 (v06 VRTUAL MICROSFT 00000001 MSFT 00000001)
2025-02-21T18:43:52.294933+00:00 fv-az1236-360 systemd[1]: Finished keyboard-setup.service - Set the console keyboard layout.
2025-02-21T18:43:52.294934+00:00 fv-az1236-360 kernel: ACPI: DSDT 0x000000003FD41018 01DFCD (v02 MSFTVM DSDT01   00000001 INTL 20230628)
2025-02-21T18:43:52.294935+00:00 fv-az1236-360 kernel: ACPI: DBG2 0x000000003FD5FB18 000072 (v00 VRTUAL MICROSFT 00000001 MSFT 00000001)
2025-02-21T18:43:52.294936+00:00 fv-az1236-360 kernel: ACPI: GTDT 0x000000003FD5FD98 000060 (v02 VRTUAL MICROSFT 00000001 MSFT 00000001)
2025-02-21T18:43:52.294936+00:00 fv-az1236-360 kernel: ACPI: OEM0 0x000000003FD5F098 000064 (v01 VRTUAL MICROSFT 00000001 MSFT 00000001)
2025-02-21T18:43:52.294936+00:00 fv-az1236-360 systemd[1]: Finished kmod-static-nodes.service - Create List of Static Device Nodes.
2025-02-21T18:43:52.294936+00:00 fv-az1236-360 kernel: ACPI: SPCR 0x000000003FD5FA98 000050 (v02 VRTUAL MICROSFT 00000001 MSFT 00000001)
2025-02-21T18:43:52.294939+00:00 fv-az1236-360 kernel: ACPI: APIC 0x000000003FD5F818 00019C (v04 VRTUAL MICROSFT 00000001 MSFT 00000001)
2025-02-21T18:43:52.294939+00:00 fv-az1236-360 kernel: ACPI: SRAT 0x000000003FD5F198 000258 (v03 VRTUAL MICROSFT 00000001 MSFT 00000001)
2025-02-21T18:43:52.294940+00:00 fv-az1236-360 kernel: ACPI: PPTT 0x000000003FD5F418 0001E8 (v01 VRTUAL MICROSFT 00000000 MSFT 00000000)
2025-02-21T18:43:52.294941+00:00 fv-az1236-360 kernel: ACPI: BGRT 0x000000003FD5FE98 000038 (v01 VRTUAL MICROSFT 00000001 MSFT 00000001)
2025-02-21T18:43:52.294941+00:00 fv-az1236-360 kernel: ACPI: SPCR: console: pl011,mmio32,0xeffec000,115200
2025-02-21T18:43:52.294941+00:00 fv-az1236-360 kernel: ACPI: SRAT: Node 0 PXM 0 [mem 0x00000000-0x3fffffff] hotplug
2025-02-21T18:43:52.294939+00:00 fv-az1236-360 systemd[1]: Finished lvm2-monitor.service - Monitoring of LVM2 mirrors, snapshots etc. using dmeventd or progress polling.
2025-02-21T18:43:52.294942+00:00 fv-az1236-360 kernel: ACPI: SRAT: Node 0 PXM 0 [mem 0x100000000-0x4bfffffff] hotplug
2025-02-21T18:43:52.294943+00:00 fv-az1236-360 kernel: ACPI: SRAT: Node 0 PXM 0 [mem 0x4c0000000-0xfbfffffff] hotplug
2025-02-21T18:43:52.294944+00:00 fv-az1236-360 kernel: ACPI: SRAT: Node 0 PXM 0 [mem 0x1000000000-0xffffffffff] hotplug
2025-02-21T18:43:52.294943+00:00 fv-az1236-360 systemd[1]: modprobe@configfs.service: Deactivated successfully.
2025-02-21T18:43:52.294944+00:00 fv-az1236-360 kernel: ACPI: SRAT: Node 0 PXM 0 [mem 0x10000000000-0x1ffffffffff] hotplug
2025-02-21T18:43:52.294946+00:00 fv-az1236-360 kernel: ACPI: SRAT: Node 0 PXM 0 [mem 0x20000000000-0x3ffffffffff] hotplug
2025-02-21T18:43:52.294946+00:00 fv-az1236-360 kernel: ACPI: SRAT: Node 0 PXM 0 [mem 0x40000000000-0x7ffffffffff] hotplug
2025-02-21T18:43:52.294946+00:00 fv-az1236-360 kernel: ACPI: SRAT: Node 0 PXM 0 [mem 0x80000000000-0xfffffffffff] hotplug
2025-02-21T18:43:52.294947+00:00 fv-az1236-360 kernel: ACPI: SRAT: Node 0 PXM 0 [mem 0x100000000000-0x1fffffffffff] hotplug
2025-02-21T18:43:52.294947+00:00 fv-az1236-360 kernel: ACPI: SRAT: Node 0 PXM 0 [mem 0x200000000000-0x3fffffffffff] hotplug
2025-02-21T18:43:52.294946+00:00 fv-az1236-360 systemd-modules-load[169]: Inserted module 'dm_multipath'
2025-02-21T18:43:52.294948+00:00 fv-az1236-360 kernel: ACPI: SRAT: Node 0 PXM 0 [mem 0x400000000000-0x7fffffffffff] hotplug
2025-02-21T18:43:52.294950+00:00 fv-az1236-360 kernel: ACPI: SRAT: Node 0 PXM 0 [mem 0x800000000000-0xffffffffffff] hotplug
2025-02-21T18:43:52.294950+00:00 fv-az1236-360 kernel: NUMA: NODE_DATA [mem 0x4bdfee5c0-0x4bdff3fff]
2025-02-21T18:43:52.294950+00:00 fv-az1236-360 kernel: Zone ranges:
2025-02-21T18:43:52.294951+00:00 fv-az1236-360 kernel:   DMA      [mem 0x0000000000000000-0x00000000ffffffff]
2025-02-21T18:43:52.294951+00:00 fv-az1236-360 kernel:   DMA32    empty
2025-02-21T18:43:52.294950+00:00 fv-az1236-360 systemd[1]: Finished modprobe@configfs.service - Load Kernel Module configfs.
2025-02-21T18:43:52.294952+00:00 fv-az1236-360 kernel:   Normal   [mem 0x0000000100000000-0x00000004bfffffff]
2025-02-21T18:43:52.294953+00:00 fv-az1236-360 kernel:   Device   empty
2025-02-21T18:43:52.294953+00:00 fv-az1236-360 kernel: Movable zone start for each node
2025-02-21T18:43:52.294953+00:00 fv-az1236-360 kernel: Early memory node ranges
2025-02-21T18:43:52.294953+00:00 fv-az1236-360 systemd[1]: modprobe@dm_mod.service: Deactivated successfully.
2025-02-21T18:43:52.294954+00:00 fv-az1236-360 kernel:   node   0: [mem 0x0000000000000000-0x00000000007fffff]
2025-02-21T18:43:52.294955+00:00 fv-az1236-360 kernel:   node   0: [mem 0x0000000000824000-0x000000003e33ffff]
2025-02-21T18:43:52.294956+00:00 fv-az1236-360 systemd[1]: Finished modprobe@dm_mod.service - Load Kernel Module dm_mod.
2025-02-21T18:43:52.294958+00:00 fv-az1236-360 kernel:   node   0: [mem 0x000000003e340000-0x000000003e34ffff]
2025-02-21T18:43:52.294959+00:00 fv-az1236-360 kernel:   node   0: [mem 0x000000003e350000-0x000000003e45ffff]
2025-02-21T18:43:52.294959+00:00 fv-az1236-360 kernel:   node   0: [mem 0x000000003e460000-0x000000003e46ffff]
2025-02-21T18:43:52.294959+00:00 fv-az1236-360 kernel:   node   0: [mem 0x000000003e470000-0x000000003e54ffff]
2025-02-21T18:43:52.294960+00:00 fv-az1236-360 kernel:   node   0: [mem 0x000000003e550000-0x000000003e87ffff]
2025-02-21T18:43:52.294958+00:00 fv-az1236-360 systemd[1]: modprobe@drm.service: Deactivated successfully.
2025-02-21T18:43:52.294960+00:00 fv-az1236-360 kernel:   node   0: [mem 0x000000003e880000-0x000000003fc7ffff]
2025-02-21T18:43:52.294961+00:00 fv-az1236-360 kernel:   node   0: [mem 0x000000003fc80000-0x000000003fcfffff]
2025-02-21T18:43:52.294962+00:00 fv-az1236-360 kernel:   node   0: [mem 0x000000003fd00000-0x000000003fffffff]
2025-02-21T18:43:52.294963+00:00 fv-az1236-360 kernel:   node   0: [mem 0x0000000100000000-0x00000004bfffffff]
2025-02-21T18:43:52.294963+00:00 fv-az1236-360 kernel: Initmem setup node 0 [mem 0x0000000000000000-0x00000004bfffffff]
2025-02-21T18:43:52.294962+00:00 fv-az1236-360 systemd[1]: Finished modprobe@drm.service - Load Kernel Module drm.
2025-02-21T18:43:52.294964+00:00 fv-az1236-360 kernel: On node 0, zone DMA: 36 pages in unavailable ranges
2025-02-21T18:43:52.294966+00:00 fv-az1236-360 kernel: cma: Reserved 32 MiB at 0x000000003c200000 on node -1
2025-02-21T18:43:52.294965+00:00 fv-az1236-360 systemd[1]: modprobe@efi_pstore.service: Deactivated successfully.
2025-02-21T18:43:52.294966+00:00 fv-az1236-360 kernel: psci: probing for conduit method from ACPI.
2025-02-21T18:43:52.294968+00:00 fv-az1236-360 kernel: psci: PSCIv1.1 detected in firmware.
2025-02-21T18:43:52.294969+00:00 fv-az1236-360 kernel: psci: Using standard PSCI v0.2 function IDs
2025-02-21T18:43:52.294968+00:00 fv-az1236-360 systemd[1]: Finished modprobe@efi_pstore.service - Load Kernel Module efi_pstore.
2025-02-21T18:43:52.294969+00:00 fv-az1236-360 kernel: psci: MIGRATE_INFO_TYPE not supported.
2025-02-21T18:43:52.294970+00:00 fv-az1236-360 kernel: psci: SMC Calling Convention v1.4
2025-02-21T18:43:52.294970+00:00 fv-az1236-360 kernel: ACPI: NUMA: SRAT: PXM 0 -> MPIDR 0x0 -> Node 0
2025-02-21T18:43:52.294971+00:00 fv-az1236-360 kernel: ACPI: NUMA: SRAT: PXM 0 -> MPIDR 0x1 -> Node 0
2025-02-21T18:43:52.294971+00:00 fv-az1236-360 kernel: ACPI: NUMA: SRAT: PXM 0 -> MPIDR 0x2 -> Node 0
2025-02-21T18:43:52.294970+00:00 fv-az1236-360 systemd[1]: modprobe@fuse.service: Deactivated successfully.
2025-02-21T18:43:52.294972+00:00 fv-az1236-360 kernel: ACPI: NUMA: SRAT: PXM 0 -> MPIDR 0x3 -> Node 0
2025-02-21T18:43:52.294973+00:00 fv-az1236-360 kernel: percpu: Embedded 54 pages/cpu s94952 r8192 d118040 u221184
2025-02-21T18:43:52.294973+00:00 fv-az1236-360 systemd[1]: Finished modprobe@fuse.service - Load Kernel Module fuse.
2025-02-21T18:43:52.294973+00:00 fv-az1236-360 kernel: pcpu-alloc: s94952 r8192 d118040 u221184 alloc=54*4096
2025-02-21T18:43:52.294975+00:00 fv-az1236-360 kernel: pcpu-alloc: [0] 0 [0] 1 [0] 2 [0] 3 
2025-02-21T18:43:52.294975+00:00 fv-az1236-360 kernel: Detected PIPT I-cache on CPU0
2025-02-21T18:43:52.294976+00:00 fv-az1236-360 kernel: CPU features: detected: Address authentication (architected QARMA5 algorithm)
2025-02-21T18:43:52.294977+00:00 fv-az1236-360 kernel: CPU features: detected: GIC system register CPU interface
2025-02-21T18:43:52.294977+00:00 fv-az1236-360 kernel: CPU features: detected: Spectre-v4
2025-02-21T18:43:52.294976+00:00 fv-az1236-360 systemd[1]: modprobe@loop.service: Deactivated successfully.
2025-02-21T18:43:52.294978+00:00 fv-az1236-360 kernel: CPU features: detected: Spectre-BHB
2025-02-21T18:43:52.294979+00:00 fv-az1236-360 kernel: CPU features: kernel page table isolation forced ON by KASLR
2025-02-21T18:43:52.294979+00:00 fv-az1236-360 kernel: CPU features: detected: Kernel page table isolation (KPTI)
2025-02-21T18:43:52.294980+00:00 fv-az1236-360 kernel: CPU features: detected: ARM erratum 2067961 or 2054223
2025-02-21T18:43:52.294979+00:00 fv-az1236-360 systemd[1]: Finished modprobe@loop.service - Load Kernel Module loop.
2025-02-21T18:43:52.294981+00:00 fv-az1236-360 kernel: CPU features: detected: SSBS not fully self-synchronizing
2025-02-21T18:43:52.294982+00:00 fv-az1236-360 kernel: alternatives: applying boot alternatives
2025-02-21T18:43:52.294982+00:00 fv-az1236-360 kernel: Kernel command line: BOOT_IMAGE=/vmlinuz-6.8.0-1020-azure root=PARTUUID=4f272e3f-0227-4db4-9524-8a66ff2d1348 ro console=tty1 console=ttyAMA0 earlycon=pl011,0xeffec000 initcall_blacklist=arm_pmu_acpi_init nvme_core.io_timeout=240 panic=-1
2025-02-21T18:43:52.294982+00:00 fv-az1236-360 kernel: blacklisting initcall arm_pmu_acpi_init
2025-02-21T18:43:52.294982+00:00 fv-az1236-360 systemd[1]: modprobe@nvme_fabrics.service: Deactivated successfully.
2025-02-21T18:43:52.294983+00:00 fv-az1236-360 kernel: Unknown kernel command line parameters "BOOT_IMAGE=/vmlinuz-6.8.0-1020-azure", will be passed to user space.
2025-02-21T18:43:52.294984+00:00 fv-az1236-360 kernel: Dentry cache hash table entries: 2097152 (order: 12, 16777216 bytes, linear)
2025-02-21T18:43:52.294985+00:00 fv-az1236-360 systemd[1]: Finished modprobe@nvme_fabrics.service - Load Kernel Module nvme_fabrics.
2025-02-21T18:43:52.294985+00:00 fv-az1236-360 kernel: Inode-cache hash table entries: 1048576 (order: 11, 8388608 bytes, linear)
2025-02-21T18:43:52.294987+00:00 fv-az1236-360 kernel: Fallback order for Node 0: 0 
2025-02-21T18:43:52.294987+00:00 fv-az1236-360 kernel: Built 1 zonelists, mobility grouping on.  Total pages: 4128732
2025-02-21T18:43:52.294988+00:00 fv-az1236-360 kernel: Policy zone: Normal
2025-02-21T18:43:52.294988+00:00 fv-az1236-360 kernel: mem auto-init: stack:all(zero), heap alloc:on, heap free:off
2025-02-21T18:43:52.294987+00:00 fv-az1236-360 systemd[1]: Finished systemd-fsck-root.service - File System Check on Root Device.
2025-02-21T18:43:52.294989+00:00 fv-az1236-360 kernel: software IO TLB: area num 4.
2025-02-21T18:43:52.294990+00:00 fv-az1236-360 kernel: software IO TLB: mapped [mem 0x0000000038200000-0x000000003c200000] (64MB)
2025-02-21T18:43:52.294990+00:00 fv-az1236-360 systemd[1]: Finished systemd-modules-load.service - Load Kernel Modules.
2025-02-21T18:43:52.294991+00:00 fv-az1236-360 kernel: Memory: 16296528K/16777072K available (21248K kernel code, 5256K rwdata, 16448K rodata, 12544K init, 1249K bss, 447776K reserved, 32768K cma-reserved)
2025-02-21T18:43:52.294992+00:00 fv-az1236-360 kernel: SLUB: HWalign=64, Order=0-3, MinObjects=0, CPUs=4, Nodes=1
2025-02-21T18:43:52.294993+00:00 fv-az1236-360 kernel: ftrace: allocating 64138 entries in 251 pages
2025-02-21T18:43:52.294993+00:00 fv-az1236-360 kernel: ftrace: allocated 251 pages with 7 groups
2025-02-21T18:43:52.294993+00:00 fv-az1236-360 kernel: trace event string verifier disabled
2025-02-21T18:43:52.294994+00:00 fv-az1236-360 kernel: rcu: Hierarchical RCU implementation.
2025-02-21T18:43:52.294993+00:00 fv-az1236-360 systemd[1]: Mounting sys-fs-fuse-connections.mount - FUSE Control File System...
2025-02-21T18:43:52.294995+00:00 fv-az1236-360 kernel: rcu: 	RCU restricting CPUs from NR_CPUS=512 to nr_cpu_ids=4.
2025-02-21T18:43:52.294996+00:00 fv-az1236-360 kernel: 	Rude variant of Tasks RCU enabled.
2025-02-21T18:43:52.294996+00:00 fv-az1236-360 kernel: 	Tracing variant of Tasks RCU enabled.
2025-02-21T18:43:52.294996+00:00 fv-az1236-360 systemd[1]: Mounting sys-kernel-config.mount - Kernel Configuration File System...
2025-02-21T18:43:52.294997+00:00 fv-az1236-360 kernel: rcu: RCU calculated value of scheduler-enlistment delay is 100 jiffies.
2025-02-21T18:43:52.294999+00:00 fv-az1236-360 kernel: rcu: Adjusting geometry for rcu_fanout_leaf=16, nr_cpu_ids=4
2025-02-21T18:43:52.294999+00:00 fv-az1236-360 kernel: NR_IRQS: 64, nr_irqs: 64, preallocated irqs: 0
2025-02-21T18:43:52.295000+00:00 fv-az1236-360 kernel: GICv3: 960 SPIs implemented
2025-02-21T18:43:52.295000+00:00 fv-az1236-360 kernel: GICv3: 0 Extended SPIs implemented
2025-02-21T18:43:52.295000+00:00 fv-az1236-360 systemd[1]: Started systemd-fsckd.service - File System Check Daemon to report status.
2025-02-21T18:43:52.295001+00:00 fv-az1236-360 kernel: Root IRQ handler: gic_handle_irq
2025-02-21T18:43:52.295003+00:00 fv-az1236-360 systemd[1]: Starting systemd-remount-fs.service - Remount Root and Kernel File Systems...
2025-02-21T18:43:52.295005+00:00 fv-az1236-360 systemd[1]: systemd-repart.service - Repartition Root Disk was skipped because no trigger condition checks were met.
2025-02-21T18:43:52.295007+00:00 fv-az1236-360 systemd[1]: Starting systemd-sysctl.service - Apply Kernel Variables...
2025-02-21T18:43:52.295009+00:00 fv-az1236-360 systemd[1]: Starting systemd-tmpfiles-setup-dev-early.service - Create Static Device Nodes in /dev gracefully...
2025-02-21T18:43:52.295014+00:00 fv-az1236-360 systemd[1]: Finished systemd-udev-trigger.service - Coldplug All udev Devices.
2025-02-21T18:43:52.295016+00:00 fv-az1236-360 systemd[1]: Mounted sys-fs-fuse-connections.mount - FUSE Control File System.
2025-02-21T18:43:52.295018+00:00 fv-az1236-360 systemd[1]: Mounted sys-kernel-config.mount - Kernel Configuration File System.
2025-02-21T18:43:52.295020+00:00 fv-az1236-360 systemd[1]: Finished systemd-sysctl.service - Apply Kernel Variables.
2025-02-21T18:43:52.295022+00:00 fv-az1236-360 systemd[1]: Finished systemd-tmpfiles-setup-dev-early.service - Create Static Device Nodes in /dev gracefully.
2025-02-21T18:43:52.295024+00:00 fv-az1236-360 systemd[1]: Finished systemd-remount-fs.service - Remount Root and Kernel File Systems.
2025-02-21T18:43:52.295027+00:00 fv-az1236-360 systemd[1]: Starting multipathd.service - Device-Mapper Multipath Device Controller...
2025-02-21T18:43:52.295028+00:00 fv-az1236-360 systemd[1]: systemd-hwdb-update.service - Rebuild Hardware Database was skipped because of an unmet condition check (ConditionNeedsUpdate=/etc).
2025-02-21T18:43:52.295031+00:00 fv-az1236-360 kernel: GICv3: GICv3 features: 16 PPIs, RSS
2025-02-21T18:43:52.295030+00:00 fv-az1236-360 systemd[1]: Starting systemd-journal-flush.service - Flush Journal to Persistent Storage...
2025-02-21T18:43:52.295032+00:00 fv-az1236-360 kernel: GICv3: CPU0: found redistributor 0 region 0:0x00000000effee000
2025-02-21T18:43:52.295033+00:00 fv-az1236-360 kernel: ITS: No ITS available, not enabling LPIs
2025-02-21T18:43:52.295033+00:00 fv-az1236-360 kernel: rcu: srcu_init: Setting srcu_struct sizes based on contention.
2025-02-21T18:43:52.295033+00:00 fv-az1236-360 systemd[1]: systemd-pstore.service - Platform Persistent Storage Archival was skipped because of an unmet condition check (ConditionDirectoryNotEmpty=/sys/fs/pstore).
2025-02-21T18:43:52.295034+00:00 fv-az1236-360 kernel: arch_timer: cp15 timer(s) running at 1000.00MHz (virt).
2025-02-21T18:43:52.295036+00:00 fv-az1236-360 kernel: clocksource: arch_sys_counter: mask: 0x1fffffffffffffff max_cycles: 0x1cd42e4dffb, max_idle_ns: 881590591483 ns
2025-02-21T18:43:52.295036+00:00 fv-az1236-360 kernel: sched_clock: 61 bits at 1000MHz, resolution 1ns, wraps every 4398046511103ns
2025-02-21T18:43:52.295036+00:00 fv-az1236-360 kernel: Console: colour dummy device 80x25
2025-02-21T18:43:52.295037+00:00 fv-az1236-360 kernel: printk: legacy console [tty1] enabled
2025-02-21T18:43:52.295037+00:00 fv-az1236-360 kernel: ACPI: Core revision 20230628
2025-02-21T18:43:52.295036+00:00 fv-az1236-360 systemd[1]: Starting systemd-random-seed.service - Load/Save OS Random Seed...
2025-02-21T18:43:52.295038+00:00 fv-az1236-360 kernel: Calibrating delay loop (skipped), value calculated using timer frequency.. 2000.00 BogoMIPS (lpj=1000000)
2025-02-21T18:43:52.295039+00:00 fv-az1236-360 kernel: pid_max: default: 32768 minimum: 301
2025-02-21T18:43:52.295039+00:00 fv-az1236-360 kernel: LSM: initializing lsm=lockdown,capability,landlock,yama,apparmor,integrity
2025-02-21T18:43:52.295040+00:00 fv-az1236-360 kernel: landlock: Up and running.
2025-02-21T18:43:52.295040+00:00 fv-az1236-360 kernel: Yama: becoming mindful.
2025-02-21T18:43:52.295039+00:00 fv-az1236-360 systemd[1]: systemd-sysusers.service - Create System Users was skipped because no trigger condition checks were met.
2025-02-21T18:43:52.295040+00:00 fv-az1236-360 kernel: AppArmor: AppArmor initialized
2025-02-21T18:43:52.295042+00:00 fv-az1236-360 kernel: Mount-cache hash table entries: 32768 (order: 6, 262144 bytes, linear)
2025-02-21T18:43:52.295042+00:00 fv-az1236-360 systemd[1]: Starting systemd-tmpfiles-setup-dev.service - Create Static Device Nodes in /dev...
2025-02-21T18:43:52.295043+00:00 fv-az1236-360 kernel: Mountpoint-cache hash table entries: 32768 (order: 6, 262144 bytes, linear)
2025-02-21T18:43:52.295045+00:00 fv-az1236-360 kernel: RCU Tasks Rude: Setting shift to 2 and lim to 1 rcu_task_cb_adjust=1.
2025-02-21T18:43:52.295045+00:00 fv-az1236-360 kernel: RCU Tasks Trace: Setting shift to 2 and lim to 1 rcu_task_cb_adjust=1.
2025-02-21T18:43:52.295046+00:00 fv-az1236-360 kernel: Hyper-V: privilege flags low 0x2e7f, high 0x3b8030, hints 0x1e0000e, misc 0x31e1
2025-02-21T18:43:52.295046+00:00 fv-az1236-360 kernel: Hyper-V: Host Build 10.0.26100.1145-1-0
2025-02-21T18:43:52.295045+00:00 fv-az1236-360 systemd[1]: systemd-tpm2-setup.service - TPM2 SRK Setup was skipped because of an unmet condition check (ConditionSecurity=measured-uki).
2025-02-21T18:43:52.295047+00:00 fv-az1236-360 kernel: Hyper-V: enabling crash_kexec_post_notifiers
2025-02-21T18:43:52.295048+00:00 fv-az1236-360 kernel: rcu: Hierarchical SRCU implementation.
2025-02-21T18:43:52.295048+00:00 fv-az1236-360 kernel: rcu: 	Max phase no-delay instances is 400.
2025-02-21T18:43:52.295048+00:00 fv-az1236-360 kernel: Remapping and enabling EFI services.
2025-02-21T18:43:52.295048+00:00 fv-az1236-360 systemd[1]: Finished systemd-tmpfiles-setup-dev.service - Create Static Device Nodes in /dev.
2025-02-21T18:43:52.295049+00:00 fv-az1236-360 kernel: smp: Bringing up secondary CPUs ...
2025-02-21T18:43:52.295051+00:00 fv-az1236-360 kernel: Detected PIPT I-cache on CPU1
2025-02-21T18:43:52.295051+00:00 fv-az1236-360 kernel: GICv3: CPU1: found redistributor 1 region 1:0x00000000f000e000
2025-02-21T18:43:52.295052+00:00 fv-az1236-360 kernel: CPU1: Booted secondary processor 0x0000000001 [0x410fd490]
2025-02-21T18:43:52.295053+00:00 fv-az1236-360 kernel: Detected PIPT I-cache on CPU2
2025-02-21T18:43:52.295053+00:00 fv-az1236-360 kernel: GICv3: CPU2: found redistributor 2 region 2:0x00000000f002e000
2025-02-21T18:43:52.295051+00:00 fv-az1236-360 systemd[1]: Starting systemd-udevd.service - Rule-based Manager for Device Events and Files...
2025-02-21T18:43:52.295053+00:00 fv-az1236-360 kernel: CPU2: Booted secondary processor 0x0000000002 [0x410fd490]
2025-02-21T18:43:52.295055+00:00 fv-az1236-360 kernel: Detected PIPT I-cache on CPU3
2025-02-21T18:43:52.295055+00:00 fv-az1236-360 kernel: GICv3: CPU3: found redistributor 3 region 3:0x00000000f004e000
2025-02-21T18:43:52.295055+00:00 fv-az1236-360 multipathd[217]: multipathd v0.9.4: start up
2025-02-21T18:43:52.295057+00:00 fv-az1236-360 kernel: CPU3: Booted secondary processor 0x0000000003 [0x410fd490]
2025-02-21T18:43:52.295058+00:00 fv-az1236-360 kernel: smp: Brought up 1 node, 4 CPUs
2025-02-21T18:43:52.295058+00:00 fv-az1236-360 multipathd[217]: reconfigure: setting up paths and maps
2025-02-21T18:43:52.295058+00:00 fv-az1236-360 kernel: SMP: Total of 4 processors activated.
2025-02-21T18:43:52.295060+00:00 fv-az1236-360 kernel: CPU: All CPU(s) started at EL1
2025-02-21T18:43:52.295061+00:00 fv-az1236-360 kernel: CPU features: detected: 32-bit EL0 Support
2025-02-21T18:43:52.295061+00:00 fv-az1236-360 kernel: CPU features: detected: Instruction cache invalidation not required for I/D coherence
2025-02-21T18:43:52.295061+00:00 fv-az1236-360 kernel: CPU features: detected: Data cache clean to the PoU not required for I/D coherence
2025-02-21T18:43:52.295061+00:00 fv-az1236-360 systemd-udevd[219]: Using default interface naming scheme 'v255'.
2025-02-21T18:43:52.295063+00:00 fv-az1236-360 kernel: CPU features: detected: Common not Private translations
2025-02-21T18:43:52.295063+00:00 fv-az1236-360 kernel: CPU features: detected: CRC32 instructions
2025-02-21T18:43:52.295064+00:00 fv-az1236-360 kernel: CPU features: detected: Data cache clean to Point of Deep Persistence
2025-02-21T18:43:52.295064+00:00 fv-az1236-360 kernel: CPU features: detected: Data cache clean to Point of Persistence
2025-02-21T18:43:52.295063+00:00 fv-az1236-360 systemd[1]: Finished systemd-random-seed.service - Load/Save OS Random Seed.
2025-02-21T18:43:52.295064+00:00 fv-az1236-360 kernel: CPU features: detected: Generic authentication (architected QARMA5 algorithm)
2025-02-21T18:43:52.295066+00:00 fv-az1236-360 kernel: CPU features: detected: RCpc load-acquire (LDAPR)
2025-02-21T18:43:52.295067+00:00 fv-az1236-360 kernel: CPU features: detected: LSE atomic instructions
2025-02-21T18:43:52.295067+00:00 fv-az1236-360 kernel: CPU features: detected: Privileged Access Never
2025-02-21T18:43:52.295066+00:00 fv-az1236-360 systemd[1]: Started multipathd.service - Device-Mapper Multipath Device Controller.
2025-02-21T18:43:52.295068+00:00 fv-az1236-360 kernel: CPU features: detected: Speculation barrier (SB)
2025-02-21T18:43:52.295070+00:00 fv-az1236-360 kernel: CPU features: detected: TLB range maintenance instructions
2025-02-21T18:43:52.295070+00:00 fv-az1236-360 kernel: CPU features: detected: Speculative Store Bypassing Safe (SSBS)
2025-02-21T18:43:52.295071+00:00 fv-az1236-360 kernel: CPU features: detected: Scalable Vector Extension
2025-02-21T18:43:52.295069+00:00 fv-az1236-360 systemd[1]: Started systemd-udevd.service - Rule-based Manager for Device Events and Files.
2025-02-21T18:43:52.295072+00:00 fv-az1236-360 kernel: alternatives: applying system-wide alternatives
2025-02-21T18:43:52.295073+00:00 fv-az1236-360 kernel: CPU features: detected: Hardware dirty bit management on CPU0-3
2025-02-21T18:43:52.295073+00:00 fv-az1236-360 kernel: SVE: maximum available vector length 16 bytes per vector
2025-02-21T18:43:52.295073+00:00 fv-az1236-360 systemd[1]: nvmefc-boot-connections.service - Auto-connect to subsystems on FC-NVME devices found during boot was skipped because of an unmet condition check (ConditionPathExists=/sys/class/fc/fc_udev_device/nvme_discovery).
2025-02-21T18:43:52.295074+00:00 fv-az1236-360 kernel: SVE: default vector length 16 bytes per vector
2025-02-21T18:43:52.295075+00:00 fv-az1236-360 kernel: devtmpfs: initialized
2025-02-21T18:43:52.295076+00:00 fv-az1236-360 kernel: setend instruction emulation is not supported on this system
2025-02-21T18:43:52.295076+00:00 fv-az1236-360 kernel: clocksource: jiffies: mask: 0xffffffff max_cycles: 0xffffffff, max_idle_ns: 1911260446275000 ns
2025-02-21T18:43:52.295076+00:00 fv-az1236-360 systemd[1]: Reached target local-fs-pre.target - Preparation for Local File Systems.
2025-02-21T18:43:52.295077+00:00 fv-az1236-360 kernel: futex hash table entries: 1024 (order: 4, 65536 bytes, linear)
2025-02-21T18:43:52.295078+00:00 fv-az1236-360 kernel: pinctrl core: initialized pinctrl subsystem
2025-02-21T18:43:52.295078+00:00 fv-az1236-360 kernel: SMBIOS 3.1.0 present.
2025-02-21T18:43:52.295078+00:00 fv-az1236-360 systemd[1]: plymouth-start.service - Show Plymouth Boot Screen was skipped because of an unmet condition check (ConditionKernelCommandLine=splash).
2025-02-21T18:43:52.295085+00:00 fv-az1236-360 systemd[1]: Started systemd-ask-password-console.path - Dispatch Password Requests to Console Directory Watch.
2025-02-21T18:43:52.295100+00:00 fv-az1236-360 systemd[1]: systemd-ask-password-plymouth.path - Forward Password Requests to Plymouth Directory Watch was skipped because of an unmet condition check (ConditionPathExists=/run/plymouth/pid).
2025-02-21T18:43:52.295104+00:00 fv-az1236-360 systemd[1]: Reached target cryptsetup.target - Local Encrypted Volumes.
2025-02-21T18:43:52.295106+00:00 fv-az1236-360 systemd[1]: Found device dev-ttyAMA0.device - /dev/ttyAMA0.
2025-02-21T18:43:52.295108+00:00 fv-az1236-360 systemd[1]: Finished systemd-journal-flush.service - Flush Journal to Persistent Storage.
2025-02-21T18:43:52.295110+00:00 fv-az1236-360 multipath: nvme0n1: uid = eui.c80e299c0e20825789f5972a53ef9ffb (sysfs)
2025-02-21T18:43:52.295114+00:00 fv-az1236-360 (udev-worker)[239]: sda: Process '/usr/bin/unshare -m /usr/bin/snap auto-import --mount=/dev/sda' failed with exit code 1.
2025-02-21T18:43:52.295116+00:00 fv-az1236-360 (udev-worker)[235]: nvme0n1: Process '/usr/bin/unshare -m /usr/bin/snap auto-import --mount=/dev/nvme0n1' failed with exit code 1.
2025-02-21T18:43:52.295119+00:00 fv-az1236-360 (udev-worker)[248]: sr0: Process '/usr/bin/unshare -m /usr/bin/snap auto-import --mount=/dev/sr0' failed with exit code 1.
2025-02-21T18:43:52.295122+00:00 fv-az1236-360 (udev-worker)[250]: sda16: Process '/usr/bin/unshare -m /usr/bin/snap auto-import --mount=/dev/sda16' failed with exit code 1.
2025-02-21T18:43:52.295125+00:00 fv-az1236-360 (udev-worker)[236]: sda15: Process '/usr/bin/unshare -m /usr/bin/snap auto-import --mount=/dev/sda15' failed with exit code 1.
2025-02-21T18:43:52.295127+00:00 fv-az1236-360 (udev-worker)[239]: sda1: Process '/usr/bin/unshare -m /usr/bin/snap auto-import --mount=/dev/sda1' failed with exit code 1.
2025-02-21T18:43:52.295129+00:00 fv-az1236-360 systemd[1]: Found device dev-disk-by\x2dlabel-BOOT.device - Virtual_Disk BOOT.
2025-02-21T18:43:52.295133+00:00 fv-az1236-360 systemd[1]: Found device dev-disk-by\x2duuid-C9E5\x2d37F8.device - Virtual_Disk UEFI.
2025-02-21T18:43:52.295135+00:00 fv-az1236-360 systemd[1]: Found device sys-devices-virtual-misc-vmbus\x21hv_kvp.device - /sys/devices/virtual/misc/vmbus!hv_kvp.
2025-02-21T18:43:52.295137+00:00 fv-az1236-360 systemd[1]: Listening on systemd-rfkill.socket - Load/Save RF Kill Switch Status /dev/rfkill Watch.
2025-02-21T18:43:52.295139+00:00 fv-az1236-360 systemd[1]: Started hv-kvp-daemon.service - Hyper-V KVP Protocol Daemon.
2025-02-21T18:43:52.295141+00:00 fv-az1236-360 systemd[1]: Starting systemd-fsck@dev-disk-by\x2dlabel-BOOT.service - File System Check on /dev/disk/by-label/BOOT...
2025-02-21T18:43:52.295143+00:00 fv-az1236-360 KVP: KVP starting; pid is:378
2025-02-21T18:43:52.295146+00:00 fv-az1236-360 KVP: KVP LIC Version: 3.1
2025-02-21T18:43:52.295148+00:00 fv-az1236-360 systemd[1]: Starting systemd-fsck@dev-disk-by\x2duuid-C9E5\x2d37F8.service - File System Check on /dev/disk/by-uuid/C9E5-37F8...
2025-02-21T18:43:52.295150+00:00 fv-az1236-360 systemd-fsck[385]: BOOT: clean, 260/59136 files, 22947/236288 blocks
2025-02-21T18:43:52.295154+00:00 fv-az1236-360 systemd[1]: Finished systemd-fsck@dev-disk-by\x2dlabel-BOOT.service - File System Check on /dev/disk/by-label/BOOT.
2025-02-21T18:43:52.295156+00:00 fv-az1236-360 systemd-fsck[388]: fsck.fat 4.2 (2021-01-31)
2025-02-21T18:43:52.295158+00:00 fv-az1236-360 systemd-fsck[388]: /dev/sda15: 12 files, 12949/199582 clusters
2025-02-21T18:43:52.295161+00:00 fv-az1236-360 systemd[1]: Mounting boot.mount - /boot...
2025-02-21T18:43:52.295163+00:00 fv-az1236-360 systemd[1]: Finished systemd-fsck@dev-disk-by\x2duuid-C9E5\x2d37F8.service - File System Check on /dev/disk/by-uuid/C9E5-37F8.
2025-02-21T18:43:52.295165+00:00 fv-az1236-360 systemd[1]: Mounted boot.mount - /boot.
2025-02-21T18:43:52.295167+00:00 fv-az1236-360 systemd[1]: Mounting boot-efi.mount - /boot/efi...
2025-02-21T18:43:52.295169+00:00 fv-az1236-360 systemd[1]: Mounted boot-efi.mount - /boot/efi.
2025-02-21T18:43:52.295171+00:00 fv-az1236-360 systemd[1]: Reached target local-fs.target - Local File Systems.
2025-02-21T18:43:52.295174+00:00 fv-az1236-360 systemd[1]: Listening on systemd-sysext.socket - System Extension Image Management (Varlink).
2025-02-21T18:43:52.295176+00:00 fv-az1236-360 systemd[1]: Starting apparmor.service - Load AppArmor profiles...
2025-02-21T18:43:52.295178+00:00 fv-az1236-360 systemd[1]: Starting console-setup.service - Set console font and keymap...
2025-02-21T18:43:52.295179+00:00 fv-az1236-360 apparmor.systemd[418]: Restarting AppArmor
2025-02-21T18:43:52.295182+00:00 fv-az1236-360 systemd[1]: Starting finalrd.service - Create final runtime dir for shutdown pivot root...
2025-02-21T18:43:52.295183+00:00 fv-az1236-360 apparmor.systemd[418]: Reloading AppArmor profiles
2025-02-21T18:43:52.295187+00:00 fv-az1236-360 systemd[1]: ldconfig.service - Rebuild Dynamic Linker Cache was skipped because no trigger condition checks were met.
2025-02-21T18:43:52.295189+00:00 fv-az1236-360 systemd[1]: Starting plymouth-read-write.service - Tell Plymouth To Write Out Runtime Data...
2025-02-21T18:43:52.295191+00:00 fv-az1236-360 systemd[1]: Starting systemd-binfmt.service - Set Up Additional Binary Formats...
2025-02-21T18:43:52.295193+00:00 fv-az1236-360 systemd[1]: Starting systemd-tmpfiles-setup.service - Create Volatile Files and Directories...
2025-02-21T18:43:52.295195+00:00 fv-az1236-360 systemd[1]: Starting ufw.service - Uncomplicated firewall...
2025-02-21T18:43:52.295197+00:00 fv-az1236-360 systemd[1]: Finished console-setup.service - Set console font and keymap.
2025-02-21T18:43:52.295199+00:00 fv-az1236-360 systemd[1]: Finished finalrd.service - Create final runtime dir for shutdown pivot root.
2025-02-21T18:43:52.295201+00:00 fv-az1236-360 systemd[1]: Finished plymouth-read-write.service - Tell Plymouth To Write Out Runtime Data.
2025-02-21T18:43:52.295203+00:00 fv-az1236-360 systemd[1]: Finished systemd-tmpfiles-setup.service - Create Volatile Files and Directories.
2025-02-21T18:43:52.295221+00:00 fv-az1236-360 systemd[1]: Finished ufw.service - Uncomplicated firewall.
2025-02-21T18:43:52.295223+00:00 fv-az1236-360 systemd[1]: proc-sys-fs-binfmt_misc.automount: Got automount request for /proc/sys/fs/binfmt_misc, triggered by 432 (systemd-binfmt)
2025-02-21T18:43:52.295226+00:00 fv-az1236-360 systemd[1]: Mounting proc-sys-fs-binfmt_misc.mount - Arbitrary Executable File Formats File System...
2025-02-21T18:43:52.295228+00:00 fv-az1236-360 systemd[1]: systemd-firstboot.service - First Boot Wizard was skipped because of an unmet condition check (ConditionFirstBoot=yes).
2025-02-21T18:43:52.295230+00:00 fv-az1236-360 systemd[1]: first-boot-complete.target - First Boot Complete was skipped because of an unmet condition check (ConditionFirstBoot=yes).
2025-02-21T18:43:52.295232+00:00 fv-az1236-360 systemd[1]: systemd-journal-catalog-update.service - Rebuild Journal Catalog was skipped because of an unmet condition check (ConditionNeedsUpdate=/var).
2025-02-21T18:43:52.295234+00:00 fv-az1236-360 systemd[1]: systemd-machine-id-commit.service - Commit a transient machine-id on disk was skipped because of an unmet condition check (ConditionPathIsMountPoint=/etc/machine-id).
2025-02-21T18:43:52.295237+00:00 fv-az1236-360 systemd[1]: Starting systemd-resolved.service - Network Name Resolution...
2025-02-21T18:43:52.295240+00:00 fv-az1236-360 systemd[1]: systemd-update-done.service - Update is Completed was skipped because no trigger condition checks were met.
2025-02-21T18:43:52.295242+00:00 fv-az1236-360 systemd[1]: Starting systemd-update-utmp.service - Record System Boot/Shutdown in UTMP...
2025-02-21T18:43:52.295244+00:00 fv-az1236-360 apparmor.systemd[537]: Skipping profile in /etc/apparmor.d/disable: usr.bin.firefox
2025-02-21T18:43:52.295245+00:00 fv-az1236-360 systemd[1]: Mounted proc-sys-fs-binfmt_misc.mount - Arbitrary Executable File Formats File System.
2025-02-21T18:43:52.295247+00:00 fv-az1236-360 systemd[1]: Finished systemd-binfmt.service - Set Up Additional Binary Formats.
2025-02-21T18:43:52.295251+00:00 fv-az1236-360 systemd[1]: Finished apparmor.service - Load AppArmor profiles.
2025-02-21T18:43:52.295253+00:00 fv-az1236-360 systemd[1]: Finished systemd-update-utmp.service - Record System Boot/Shutdown in UTMP.
2025-02-21T18:43:52.295254+00:00 fv-az1236-360 systemd[1]: Started haveged.service - Entropy Daemon based on the HAVEGE algorithm.
2025-02-21T18:43:52.295256+00:00 fv-az1236-360 systemd[1]: Starting snapd.apparmor.service - Load AppArmor profiles managed internally by snapd...
2025-02-21T18:43:52.295258+00:00 fv-az1236-360 systemd[1]: vgauth.service - Authentication service for virtual machines hosted on VMware was skipped because of an unmet condition check (ConditionVirtualization=vmware).
2025-02-21T18:43:52.295262+00:00 fv-az1236-360 systemd[1]: open-vm-tools.service - Service for virtual machines hosted on VMware was skipped because of an unmet condition check (ConditionVirtualization=vmware).
2025-02-21T18:43:52.295263+00:00 fv-az1236-360 systemd[1]: Starting cloud-init-local.service - Cloud-init: Local Stage (pre-network)...
2025-02-21T18:43:52.295266+00:00 fv-az1236-360 systemd-resolved[529]: Positive Trust Anchors:
2025-02-21T18:43:52.295268+00:00 fv-az1236-360 systemd-resolved[529]: . IN DS 20326 8 2 e06d44b80b8f1d39a95c0b0d7c65d08458e880409bbc683457104237c7f8ec8d
2025-02-21T18:43:52.295270+00:00 fv-az1236-360 systemd-resolved[529]: Negative trust anchors: home.arpa 10.in-addr.arpa 16.172.in-addr.arpa 17.172.in-addr.arpa 18.172.in-addr.arpa 19.172.in-addr.arpa 20.172.in-addr.arpa 21.172.in-addr.arpa 22.172.in-addr.arpa 23.172.in-addr.arpa 24.172.in-addr.arpa 25.172.in-addr.arpa 26.172.in-addr.arpa 27.172.in-addr.arpa 28.172.in-addr.arpa 29.172.in-addr.arpa 30.172.in-addr.arpa 31.172.in-addr.arpa 170.0.0.192.in-addr.arpa 171.0.0.192.in-addr.arpa 168.192.in-addr.arpa d.f.ip6.arpa ipv4only.arpa corp home internal intranet lan local private test
2025-02-21T18:43:52.295273+00:00 fv-az1236-360 snapd-apparmor[560]: main.go:143: No profiles to load
2025-02-21T18:43:52.295275+00:00 fv-az1236-360 systemd[1]: Finished snapd.apparmor.service - Load AppArmor profiles managed internally by snapd.
2025-02-21T18:43:52.295277+00:00 fv-az1236-360 (haveged)[557]: haveged.service: Referenced but unset environment variable evaluates to an empty string: DAEMON_ARGS
2025-02-21T18:43:52.295279+00:00 fv-az1236-360 haveged[557]: haveged: command socket is listening at fd 3
2025-02-21T18:43:52.295280+00:00 fv-az1236-360 haveged[557]: haveged starting up
2025-02-21T18:43:52.295282+00:00 fv-az1236-360 systemd-resolved[529]: Defaulting to hostname 'linux'.
2025-02-21T18:43:52.295285+00:00 fv-az1236-360 systemd[1]: Started systemd-resolved.service - Network Name Resolution.
2025-02-21T18:43:52.295287+00:00 fv-az1236-360 systemd[1]: Reached target nss-lookup.target - Host and Network Name Lookups.
2025-02-21T18:43:52.295289+00:00 fv-az1236-360 haveged[557]: haveged: ver: 1.9.14; arch: generic; vend: ; build: (gcc 13.2.0 CTV); collect: 128K
2025-02-21T18:43:52.295290+00:00 fv-az1236-360 haveged[557]: haveged: cpu: (VC); data: 64K (V); inst: 64K (V); idx: 39/40; sz: 64568/64568
2025-02-21T18:43:52.295292+00:00 fv-az1236-360 haveged[557]: haveged: tot tests(BA8): A:1/1 B:1/1 continuous tests(B):  last entropy estimate 8.001
2025-02-21T18:43:52.295294+00:00 fv-az1236-360 haveged[557]: haveged: fills: 0, generated: 0
2025-02-21T18:43:52.295297+00:00 fv-az1236-360 cloud-init[573]: Cloud-init v. 24.4-0ubuntu1~24.04.2 running 'init-local' at Fri, 21 Feb 2025 18:43:05 +0000. Up 2.80 seconds.
2025-02-21T18:43:52.295301+00:00 fv-az1236-360 systemd[1]: run-cloud\x2dinit-tmp-tmpfjqh0amq.mount: Deactivated successfully.
2025-02-21T18:43:52.295303+00:00 fv-az1236-360 dhcpcd[583]: dhcpcd-10.0.6 starting
2025-02-21T18:43:52.295305+00:00 fv-az1236-360 dhcpcd[586]: DUID 00:01:00:01:2f:4b:85:b9:60:45:bd:2e:eb:5d
2025-02-21T18:43:52.295307+00:00 fv-az1236-360 dhcpcd[586]: eth0: IAID bd:2e:eb:5d
2025-02-21T18:43:52.295309+00:00 fv-az1236-360 dhcpcd[586]: eth0: soliciting a DHCP lease
2025-02-21T18:43:52.295312+00:00 fv-az1236-360 dhcpcd[586]: eth0: carrier lost
2025-02-21T18:43:52.295314+00:00 fv-az1236-360 dhcpcd[586]: eth0: carrier acquired
2025-02-21T18:43:52.295315+00:00 fv-az1236-360 dhcpcd[586]: eth0: IAID bd:2e:eb:5d
2025-02-21T18:43:52.295317+00:00 fv-az1236-360 dhcpcd[586]: eth0: soliciting a DHCP lease
2025-02-21T18:43:52.295319+00:00 fv-az1236-360 dhcpcd[586]: eth0: offered 10.1.0.4 from 168.63.129.16 DSM101093704019SOC
2025-02-21T18:43:52.295321+00:00 fv-az1236-360 dhcpcd[586]: eth0: leased 10.1.0.4 for infinity
2025-02-21T18:43:52.295324+00:00 fv-az1236-360 dhcpcd[586]: eth0: adding route to 10.1.0.0/16
2025-02-21T18:43:52.295326+00:00 fv-az1236-360 dhcpcd[586]: eth0: adding default route via 10.1.0.1
2025-02-21T18:43:52.295328+00:00 fv-az1236-360 dhcpcd[586]: eth0: adding host route to 168.63.129.16 via 10.1.0.1
2025-02-21T18:43:52.295330+00:00 fv-az1236-360 dhcpcd[586]: eth0: adding host route to 169.254.169.254 via 10.1.0.1
2025-02-21T18:43:52.295331+00:00 fv-az1236-360 dhcpcd[586]: control command: dhcpcd --dumplease --ipv4only eth0
2025-02-21T18:43:52.295333+00:00 fv-az1236-360 systemd-resolved[529]: System hostname changed to 'fv-az1236-360'.
2025-02-21T18:43:52.295336+00:00 fv-az1236-360 systemd[1]: netplan-ovs-cleanup.service - OpenVSwitch configuration for cleanup was skipped because of an unmet condition check (ConditionFileIsExecutable=/usr/bin/ovs-vsctl).
2025-02-21T18:43:52.295079+00:00 fv-az1236-360 kernel: DMI: Microsoft Corporation Virtual Machine/Virtual Machine, BIOS Hyper-V UEFI Release v4.1 09/28/2024
2025-02-21T18:43:52.295341+00:00 fv-az1236-360 kernel: NET: Registered PF_NETLINK/PF_ROUTE protocol family
2025-02-21T18:43:52.295342+00:00 fv-az1236-360 kernel: DMA: preallocated 2048 KiB GFP_KERNEL pool for atomic allocations
2025-02-21T18:43:52.295344+00:00 fv-az1236-360 kernel: DMA: preallocated 2048 KiB GFP_KERNEL|GFP_DMA pool for atomic allocations
2025-02-21T18:43:52.295344+00:00 fv-az1236-360 kernel: DMA: preallocated 2048 KiB GFP_KERNEL|GFP_DMA32 pool for atomic allocations
2025-02-21T18:43:52.295345+00:00 fv-az1236-360 kernel: audit: initializing netlink subsys (disabled)
2025-02-21T18:43:52.295345+00:00 fv-az1236-360 kernel: audit: type=2000 audit(0.066:1): state=initialized audit_enabled=0 res=1
2025-02-21T18:43:52.295345+00:00 fv-az1236-360 kernel: thermal_sys: Registered thermal governor 'fair_share'
2025-02-21T18:43:52.295346+00:00 fv-az1236-360 kernel: thermal_sys: Registered thermal governor 'bang_bang'
2025-02-21T18:43:52.295347+00:00 fv-az1236-360 kernel: thermal_sys: Registered thermal governor 'step_wise'
2025-02-21T18:43:52.295348+00:00 fv-az1236-360 kernel: thermal_sys: Registered thermal governor 'user_space'
2025-02-21T18:43:52.295348+00:00 fv-az1236-360 kernel: thermal_sys: Registered thermal governor 'power_allocator'
2025-02-21T18:43:52.295348+00:00 fv-az1236-360 kernel: cpuidle: using governor ladder
2025-02-21T18:43:52.295349+00:00 fv-az1236-360 kernel: cpuidle: using governor menu
2025-02-21T18:43:52.295349+00:00 fv-az1236-360 kernel: hw-breakpoint: found 6 breakpoint and 4 watchpoint registers.
2025-02-21T18:43:52.295349+00:00 fv-az1236-360 kernel: ASID allocator initialised with 32768 entries
2025-02-21T18:43:52.295350+00:00 fv-az1236-360 kernel: acpiphp: ACPI Hot Plug PCI Controller Driver version: 0.5
2025-02-21T18:43:52.295350+00:00 fv-az1236-360 kernel: Serial: AMBA PL011 UART driver
2025-02-21T18:43:52.295343+00:00 fv-az1236-360 systemd[1]: message repeated 2 times: [ netplan-ovs-cleanup.service - OpenVSwitch configuration for cleanup was skipped because of an unmet condition check (ConditionFileIsExecutable=/usr/bin/ovs-vsctl).]
2025-02-21T18:43:52.295351+00:00 fv-az1236-360 kernel: Modules: 2G module region forced by RANDOMIZE_MODULE_REGION_FULL
2025-02-21T18:43:52.295346+00:00 fv-az1236-360 systemd[1]: Reloading requested from client PID 660 ('systemctl') (unit cloud-init-local.service)...
2025-02-21T18:43:52.295353+00:00 fv-az1236-360 kernel: Modules: 0 pages in range for non-PLT usage
2025-02-21T18:43:52.295353+00:00 fv-az1236-360 kernel: Modules: 510048 pages in range for PLT usage
2025-02-21T18:43:52.295354+00:00 fv-az1236-360 kernel: HugeTLB: registered 1.00 GiB page size, pre-allocated 0 pages
2025-02-21T18:43:52.295354+00:00 fv-az1236-360 systemd[1]: Reloading...
2025-02-21T18:43:52.295355+00:00 fv-az1236-360 kernel: HugeTLB: 0 KiB vmemmap can be freed for a 1.00 GiB page
2025-02-21T18:43:52.295356+00:00 fv-az1236-360 kernel: HugeTLB: registered 32.0 MiB page size, pre-allocated 0 pages
2025-02-21T18:43:52.295357+00:00 fv-az1236-360 kernel: HugeTLB: 0 KiB vmemmap can be freed for a 32.0 MiB page
2025-02-21T18:43:52.295357+00:00 fv-az1236-360 kernel: HugeTLB: registered 2.00 MiB page size, pre-allocated 0 pages
2025-02-21T18:43:52.295357+00:00 fv-az1236-360 systemd[1]: Reloading finished in 137 ms.
2025-02-21T18:43:52.295357+00:00 fv-az1236-360 kernel: HugeTLB: 0 KiB vmemmap can be freed for a 2.00 MiB page
2025-02-21T18:43:52.295358+00:00 fv-az1236-360 kernel: HugeTLB: registered 64.0 KiB page size, pre-allocated 0 pages
2025-02-21T18:43:52.295359+00:00 fv-az1236-360 kernel: HugeTLB: 0 KiB vmemmap can be freed for a 64.0 KiB page
2025-02-21T18:43:52.295359+00:00 fv-az1236-360 systemd[1]: Finished cloud-init-local.service - Cloud-init: Local Stage (pre-network).
2025-02-21T18:43:52.295360+00:00 fv-az1236-360 kernel: fbcon: Taking over console
2025-02-21T18:43:52.295361+00:00 fv-az1236-360 kernel: ACPI: Added _OSI(Module Device)
2025-02-21T18:43:52.295362+00:00 fv-az1236-360 kernel: ACPI: Added _OSI(Processor Device)
2025-02-21T18:43:52.295362+00:00 fv-az1236-360 kernel: ACPI: Added _OSI(3.0 _SCP Extensions)
2025-02-21T18:43:52.295362+00:00 fv-az1236-360 kernel: ACPI: Added _OSI(Processor Aggregator Device)
2025-02-21T18:43:52.295363+00:00 fv-az1236-360 kernel: ACPI: 1 ACPI AML tables successfully acquired and loaded
2025-02-21T18:43:52.295362+00:00 fv-az1236-360 systemd[1]: Reached target network-pre.target - Preparation for Network.
2025-02-21T18:43:52.295365+00:00 fv-az1236-360 systemd[1]: Starting systemd-networkd.service - Network Configuration...
2025-02-21T18:43:52.295367+00:00 fv-az1236-360 systemd-networkd[699]: lo: Link UP
2025-02-21T18:43:52.295368+00:00 fv-az1236-360 systemd-networkd[699]: lo: Gained carrier
2025-02-21T18:43:52.295370+00:00 fv-az1236-360 systemd-networkd[699]: Enumeration completed
2025-02-21T18:43:52.295373+00:00 fv-az1236-360 systemd-networkd[699]: eth0: Link UP
2025-02-21T18:43:52.295375+00:00 fv-az1236-360 systemd[1]: Started systemd-networkd.service - Network Configuration.
2025-02-21T18:43:52.295377+00:00 fv-az1236-360 kernel: ACPI: Interpreter enabled
2025-02-21T18:43:52.295377+00:00 fv-az1236-360 systemd-networkd[699]: eth0: Gained carrier
2025-02-21T18:43:52.295378+00:00 fv-az1236-360 kernel: ACPI: Using GIC for interrupt routing
2025-02-21T18:43:52.295379+00:00 fv-az1236-360 kernel: ARMH0011:00: ttyAMA0 at MMIO 0xeffec000 (irq = 12, base_baud = 0) is a SBSA
2025-02-21T18:43:52.295380+00:00 fv-az1236-360 kernel: printk: legacy console [ttyAMA0] enabled
2025-02-21T18:43:52.295380+00:00 fv-az1236-360 kernel: printk: legacy bootconsole [pl11] disabled
2025-02-21T18:43:52.295380+00:00 fv-az1236-360 kernel: ARMH0011:01: ttyAMA1 at MMIO 0xeffeb000 (irq = 13, base_baud = 0) is a SBSA
2025-02-21T18:43:52.295380+00:00 fv-az1236-360 systemd-networkd[699]: eth0: Gained IPv6LL
2025-02-21T18:43:52.295383+00:00 fv-az1236-360 systemd-networkd[699]: eth0: Lost carrier
2025-02-21T18:43:52.295383+00:00 fv-az1236-360 kernel: iommu: Default domain type: Translated
2025-02-21T18:43:52.295384+00:00 fv-az1236-360 kernel: iommu: DMA domain TLB invalidation policy: strict mode
2025-02-21T18:43:52.295385+00:00 fv-az1236-360 kernel: SCSI subsystem initialized
2025-02-21T18:43:52.295385+00:00 fv-az1236-360 kernel: libata version 3.00 loaded.
2025-02-21T18:43:52.295385+00:00 fv-az1236-360 kernel: ACPI: bus type USB registered
2025-02-21T18:43:52.295386+00:00 fv-az1236-360 kernel: usbcore: registered new interface driver usbfs
2025-02-21T18:43:52.295387+00:00 fv-az1236-360 kernel: usbcore: registered new interface driver hub
2025-02-21T18:43:52.295385+00:00 fv-az1236-360 systemd-networkd[699]: eth0: Gained carrier
2025-02-21T18:43:52.295392+00:00 fv-az1236-360 kernel: usbcore: registered new device driver usb
2025-02-21T18:43:52.295393+00:00 fv-az1236-360 kernel: pps_core: LinuxPPS API ver. 1 registered
2025-02-21T18:43:52.295393+00:00 fv-az1236-360 systemd-networkd[699]: eth0: Link DOWN
2025-02-21T18:43:52.295395+00:00 fv-az1236-360 systemd-networkd[699]: eth0: Lost carrier
2025-02-21T18:43:52.295397+00:00 fv-az1236-360 systemd[1]: Reached target network.target - Network.
2025-02-21T18:43:52.295399+00:00 fv-az1236-360 systemd-networkd[699]: eth0: found matching network '/run/systemd/network/10-netplan-eth0.network', based on potentially unpredictable interface name.
2025-02-21T18:43:52.295400+00:00 fv-az1236-360 systemd-networkd[699]: eth0: Configuring with /run/systemd/network/10-netplan-eth0.network.
2025-02-21T18:43:52.295402+00:00 fv-az1236-360 systemd[1]: Starting systemd-networkd-wait-online.service - Wait for Network to be Configured...
2025-02-21T18:43:52.295406+00:00 fv-az1236-360 systemd-networkd[699]: enP14745s1: Link UP
2025-02-21T18:43:52.295408+00:00 fv-az1236-360 systemd-networkd[699]: eth0: Link UP
2025-02-21T18:43:52.295410+00:00 fv-az1236-360 systemd-networkd[699]: eth0: Gained carrier
2025-02-21T18:43:52.295412+00:00 fv-az1236-360 systemd-networkd[699]: eth0: found matching network '/run/systemd/network/10-netplan-eth0.network', based on potentially unpredictable interface name.
2025-02-21T18:43:52.295414+00:00 fv-az1236-360 systemd-networkd[699]: enP14745s1: Gained carrier
2025-02-21T18:43:52.295416+00:00 fv-az1236-360 systemd-networkd[699]: eth0: DHCPv4 address 10.1.0.4/16, gateway 10.1.0.1 acquired from 168.63.129.16
2025-02-21T18:43:52.295419+00:00 fv-az1236-360 systemd-networkd[699]: eth0: Gained IPv6LL
2025-02-21T18:43:52.295421+00:00 fv-az1236-360 systemd[1]: Finished systemd-networkd-wait-online.service - Wait for Network to be Configured.
2025-02-21T18:43:52.295422+00:00 fv-az1236-360 systemd[1]: Starting cloud-init.service - Cloud-init: Network Stage...
2025-02-21T18:43:52.295424+00:00 fv-az1236-360 systemd-networkd[699]: enP14745s1: Gained IPv6LL
2025-02-21T18:43:52.295427+00:00 fv-az1236-360 kernel: pps_core: Software ver. 5.3.6 - Copyright 2005-2007 Rodolfo Giometti <giometti@linux.it>
2025-02-21T18:43:52.295427+00:00 fv-az1236-360 kernel: PTP clock support registered
2025-02-21T18:43:52.295426+00:00 fv-az1236-360 cloud-init[709]: Cloud-init v. 24.4-0ubuntu1~24.04.2 running 'init' at Fri, 21 Feb 2025 18:43:15 +0000. Up 12.47 seconds.
2025-02-21T18:43:52.295428+00:00 fv-az1236-360 kernel: EDAC MC: Ver: 3.0.0
2025-02-21T18:43:52.295429+00:00 fv-az1236-360 kernel: scmi_core: SCMI protocol bus registered
2025-02-21T18:43:52.295432+00:00 fv-az1236-360 kernel: efivars: Registered efivars operations
2025-02-21T18:43:52.295432+00:00 fv-az1236-360 kernel: hv_vmbus: Vmbus version:5.3
2025-02-21T18:43:52.295433+00:00 fv-az1236-360 kernel: initcall arm_pmu_acpi_init blacklisted
2025-02-21T18:43:52.295430+00:00 fv-az1236-360 cloud-init[709]: ci-info: ++++++++++++++++++++++++++++++++++++++++Net device info++++++++++++++++++++++++++++++++++++++++
2025-02-21T18:43:52.295433+00:00 fv-az1236-360 kernel: NetLabel: Initializing
2025-02-21T18:43:52.295434+00:00 fv-az1236-360 kernel: NetLabel:  domain hash size = 128
2025-02-21T18:43:52.295435+00:00 fv-az1236-360 kernel: NetLabel:  protocols = UNLABELED CIPSOv4 CALIPSO
2025-02-21T18:43:52.295435+00:00 fv-az1236-360 kernel: NetLabel:  unlabeled traffic allowed by default
2025-02-21T18:43:52.295435+00:00 fv-az1236-360 cloud-init[709]: ci-info: +------------+------+------------------------------+-------------+--------+-------------------+
2025-02-21T18:43:52.295437+00:00 fv-az1236-360 kernel: mctp: management component transport protocol core
2025-02-21T18:43:52.295437+00:00 fv-az1236-360 cloud-init[709]: ci-info: |   Device   |  Up  |           Address            |     Mask    | Scope  |     Hw-Address    |
2025-02-21T18:43:52.295438+00:00 fv-az1236-360 kernel: NET: Registered PF_MCTP protocol family
2025-02-21T18:43:52.295439+00:00 fv-az1236-360 kernel: vgaarb: loaded
2025-02-21T18:43:52.295440+00:00 fv-az1236-360 kernel: clocksource: Switched to clocksource arch_sys_counter
2025-02-21T18:43:52.295440+00:00 fv-az1236-360 kernel: VFS: Disk quotas dquot_6.6.0
2025-02-21T18:43:52.295440+00:00 fv-az1236-360 cloud-init[709]: ci-info: +------------+------+------------------------------+-------------+--------+-------------------+
2025-02-21T18:43:52.295440+00:00 fv-az1236-360 kernel: VFS: Dquot-cache hash table entries: 512 (order 0, 4096 bytes)
2025-02-21T18:43:52.295443+00:00 fv-az1236-360 cloud-init[709]: ci-info: | enP14745s1 | True | fe80::6245:bdff:fe2e:eb5d/64 |      .      |  link  | 60:45:bd:2e:eb:5d |
2025-02-21T18:43:52.295444+00:00 fv-az1236-360 kernel: AppArmor: AppArmor Filesystem Enabled
2025-02-21T18:43:52.295445+00:00 fv-az1236-360 kernel: pnp: PnP ACPI init
2025-02-21T18:43:52.295446+00:00 fv-az1236-360 kernel: pnp: PnP ACPI: found 0 devices
2025-02-21T18:43:52.295446+00:00 fv-az1236-360 kernel: NET: Registered PF_INET protocol family
2025-02-21T18:43:52.295447+00:00 fv-az1236-360 kernel: IP idents hash table entries: 262144 (order: 9, 2097152 bytes, linear)
2025-02-21T18:43:52.295449+00:00 fv-az1236-360 kernel: tcp_listen_portaddr_hash hash table entries: 8192 (order: 5, 131072 bytes, linear)
2025-02-21T18:43:52.295446+00:00 fv-az1236-360 cloud-init[709]: ci-info: |    eth0    | True |           10.1.0.4           | 255.255.0.0 | global | 60:45:bd:2e:eb:5d |
2025-02-21T18:43:52.295451+00:00 fv-az1236-360 kernel: Table-perturb hash table entries: 65536 (order: 6, 262144 bytes, linear)
2025-02-21T18:43:52.295451+00:00 fv-az1236-360 kernel: TCP established hash table entries: 131072 (order: 8, 1048576 bytes, linear)
2025-02-21T18:43:52.295452+00:00 fv-az1236-360 kernel: TCP bind hash table entries: 65536 (order: 9, 2097152 bytes, linear)
2025-02-21T18:43:52.295452+00:00 fv-az1236-360 kernel: TCP: Hash tables configured (established 131072 bind 65536)
2025-02-21T18:43:52.295452+00:00 fv-az1236-360 kernel: MPTCP token hash table entries: 16384 (order: 6, 393216 bytes, linear)
2025-02-21T18:43:52.295453+00:00 fv-az1236-360 kernel: UDP hash table entries: 8192 (order: 6, 262144 bytes, linear)
2025-02-21T18:43:52.295452+00:00 fv-az1236-360 cloud-init[709]: ci-info: |    eth0    | True | fe80::6245:bdff:fe2e:eb5d/64 |      .      |  link  | 60:45:bd:2e:eb:5d |
2025-02-21T18:43:52.295454+00:00 fv-az1236-360 kernel: UDP-Lite hash table entries: 8192 (order: 6, 262144 bytes, linear)
2025-02-21T18:43:52.295456+00:00 fv-az1236-360 kernel: NET: Registered PF_UNIX/PF_LOCAL protocol family
2025-02-21T18:43:52.295456+00:00 fv-az1236-360 cloud-init[709]: ci-info: |     lo     | True |          127.0.0.1           |  255.0.0.0  |  host  |         .         |
2025-02-21T18:43:52.295458+00:00 fv-az1236-360 kernel: NET: Registered PF_XDP protocol family
2025-02-21T18:43:52.295458+00:00 fv-az1236-360 kernel: PCI: CLS 0 bytes, default 64
2025-02-21T18:43:52.295459+00:00 fv-az1236-360 kernel: kvm [1]: HYP mode not available
2025-02-21T18:43:52.295459+00:00 fv-az1236-360 kernel: Initialise system trusted keyrings
2025-02-21T18:43:52.295459+00:00 fv-az1236-360 kernel: Key type blacklist registered
2025-02-21T18:43:52.295459+00:00 fv-az1236-360 cloud-init[709]: ci-info: |     lo     | True |           ::1/128            |      .      |  host  |         .         |
2025-02-21T18:43:52.295461+00:00 fv-az1236-360 cloud-init[709]: ci-info: +------------+------+------------------------------+-------------+--------+-------------------+
2025-02-21T18:43:52.295462+00:00 fv-az1236-360 kernel: workingset: timestamp_bits=40 max_order=22 bucket_order=0
2025-02-21T18:43:52.295463+00:00 fv-az1236-360 kernel: zbud: loaded
2025-02-21T18:43:52.295463+00:00 fv-az1236-360 kernel: squashfs: version 4.0 (2009/01/31) Phillip Lougher
2025-02-21T18:43:52.295464+00:00 fv-az1236-360 kernel: fuse: init (API version 7.39)
2025-02-21T18:43:52.295464+00:00 fv-az1236-360 kernel: integrity: Platform Keyring initialized
2025-02-21T18:43:52.295464+00:00 fv-az1236-360 kernel: integrity: Machine keyring initialized
2025-02-21T18:43:52.295465+00:00 fv-az1236-360 kernel: Key type asymmetric registered
2025-02-21T18:43:52.295463+00:00 fv-az1236-360 cloud-init[709]: ci-info: ++++++++++++++++++++++++++++++Route IPv4 info+++++++++++++++++++++++++++++++
2025-02-21T18:43:52.295467+00:00 fv-az1236-360 kernel: Asymmetric key parser 'x509' registered
2025-02-21T18:43:52.295468+00:00 fv-az1236-360 kernel: Block layer SCSI generic (bsg) driver version 0.4 loaded (major 242)
2025-02-21T18:43:52.295469+00:00 fv-az1236-360 kernel: io scheduler mq-deadline registered
2025-02-21T18:43:52.295469+00:00 fv-az1236-360 kernel: shpchp: Standard Hot Plug PCI Controller Driver version: 0.4
2025-02-21T18:43:52.295467+00:00 fv-az1236-360 cloud-init[709]: ci-info: +-------+-----------------+----------+-----------------+-----------+-------+
2025-02-21T18:43:52.295470+00:00 fv-az1236-360 kernel: hv_vmbus: registering driver hv_pci
2025-02-21T18:43:52.295471+00:00 fv-az1236-360 kernel: hv_pci 60a48af1-6632-433e-b3f0-a71efdbd8e42: PCI VMBus probing: Using version 0x10004
2025-02-21T18:43:52.295471+00:00 fv-az1236-360 cloud-init[709]: ci-info: | Route |   Destination   | Gateway  |     Genmask     | Interface | Flags |
2025-02-21T18:43:52.295472+00:00 fv-az1236-360 kernel: hv_pci 60a48af1-6632-433e-b3f0-a71efdbd8e42: PCI host bridge to bus 6632:00
2025-02-21T18:43:52.295473+00:00 fv-az1236-360 kernel: pci_bus 6632:00: root bus resource [mem 0xfc0000000-0xfc00fffff window]
2025-02-21T18:43:52.295474+00:00 fv-az1236-360 kernel: pci_bus 6632:00: No busn resource found for root bus, will use [bus 00-ff]
2025-02-21T18:43:52.295474+00:00 fv-az1236-360 kernel: pci 6632:00:00.0: [1414:b111] type 00 class 0x010802 PCIe Endpoint
2025-02-21T18:43:52.295474+00:00 fv-az1236-360 kernel: pci 6632:00:00.0: BAR 0 [mem 0xfc0000000-0xfc00fffff 64bit]
2025-02-21T18:43:52.295473+00:00 fv-az1236-360 cloud-init[709]: ci-info: +-------+-----------------+----------+-----------------+-----------+-------+
2025-02-21T18:43:52.295475+00:00 fv-az1236-360 kernel: pci_bus 6632:00: busn_res: [bus 00-ff] end is updated to 00
2025-02-21T18:43:52.295476+00:00 fv-az1236-360 cloud-init[709]: ci-info: |   0   |     0.0.0.0     | 10.1.0.1 |     0.0.0.0     |    eth0   |   UG  |
2025-02-21T18:43:52.295477+00:00 fv-az1236-360 kernel: pci 6632:00:00.0: BAR 0 [mem 0xfc0000000-0xfc00fffff 64bit]: assigned
2025-02-21T18:43:52.295479+00:00 fv-az1236-360 kernel: Serial: 8250/16550 driver, 32 ports, IRQ sharing enabled
2025-02-21T18:43:52.295479+00:00 fv-az1236-360 kernel: msm_serial: driver initialized
2025-02-21T18:43:52.295479+00:00 fv-az1236-360 kernel: SuperH (H)SCI(F) driver initialized
2025-02-21T18:43:52.295480+00:00 fv-az1236-360 kernel: loop: module loaded
2025-02-21T18:43:52.295480+00:00 fv-az1236-360 kernel: hv_vmbus: registering driver hv_storvsc
2025-02-21T18:43:52.295481+00:00 fv-az1236-360 kernel: ACPI: bus type drm_connector registered
2025-02-21T18:43:52.295479+00:00 fv-az1236-360 cloud-init[709]: ci-info: |   1   |     10.1.0.0    | 0.0.0.0  |   255.255.0.0   |    eth0   |   U   |
2025-02-21T18:43:52.295483+00:00 fv-az1236-360 kernel: nvme nvme0: pci function 6632:00:00.0
2025-02-21T18:43:52.295485+00:00 fv-az1236-360 kernel: scsi host1: storvsc_host_t
2025-02-21T18:43:52.295485+00:00 fv-az1236-360 kernel: tun: Universal TUN/TAP device driver, 1.6
2025-02-21T18:43:52.295485+00:00 fv-az1236-360 kernel: scsi host0: storvsc_host_t
2025-02-21T18:43:52.295486+00:00 fv-az1236-360 kernel: PPP generic driver version 2.4.2
2025-02-21T18:43:52.295485+00:00 fv-az1236-360 cloud-init[709]: ci-info: |   2   |     10.1.0.1    | 0.0.0.0  | 255.255.255.255 |    eth0   |   UH  |
2025-02-21T18:43:52.295486+00:00 fv-az1236-360 kernel: scsi 0:0:0:0: Direct-Access     Msft     Virtual Disk     1.0  PQ: 0 ANSI: 5
2025-02-21T18:43:52.295488+00:00 fv-az1236-360 cloud-init[709]: ci-info: |   3   |  168.63.129.16  | 10.1.0.1 | 255.255.255.255 |    eth0   |  UGH  |
2025-02-21T18:43:52.295489+00:00 fv-az1236-360 kernel: mousedev: PS/2 mouse device common for all mice
2025-02-21T18:43:52.295491+00:00 fv-az1236-360 kernel: scsi 0:0:0:2: CD-ROM            Msft     Virtual DVD-ROM  1.0  PQ: 0 ANSI: 5
2025-02-21T18:43:52.295491+00:00 fv-az1236-360 kernel: nvme 6632:00:00.0: enabling device (0000 -> 0002)
2025-02-21T18:43:52.295491+00:00 fv-az1236-360 kernel: rtc-efi rtc-efi.0: registered as rtc0
2025-02-21T18:43:52.295492+00:00 fv-az1236-360 kernel: rtc-efi rtc-efi.0: setting system clock to 2025-02-21T18:43:03 UTC (1740163383)
2025-02-21T18:43:52.295492+00:00 fv-az1236-360 kernel: sd 0:0:0:0: Attached scsi generic sg0 type 0
2025-02-21T18:43:52.295491+00:00 fv-az1236-360 cloud-init[709]: ci-info: |   4   | 169.254.169.254 | 10.1.0.1 | 255.255.255.255 |    eth0   |  UGH  |
2025-02-21T18:43:52.295493+00:00 fv-az1236-360 kernel: sd 0:0:0:0: [sda] 157286400 512-byte logical blocks: (80.5 GB/75.0 GiB)
2025-02-21T18:43:52.295495+00:00 fv-az1236-360 kernel: sd 0:0:0:0: [sda] 4096-byte physical blocks
2025-02-21T18:43:52.295494+00:00 fv-az1236-360 cloud-init[709]: ci-info: +-------+-----------------+----------+-----------------+-----------+-------+
2025-02-21T18:43:52.295496+00:00 fv-az1236-360 kernel: sd 0:0:0:0: [sda] Write Protect is off
2025-02-21T18:43:52.295496+00:00 fv-az1236-360 kernel: sd 0:0:0:0: [sda] Mode Sense: 0f 00 10 00
2025-02-21T18:43:52.295497+00:00 fv-az1236-360 kernel: sd 0:0:0:0: [sda] Write cache: enabled, read cache: enabled, supports DPO and FUA
2025-02-21T18:43:52.295497+00:00 fv-az1236-360 kernel:  sda: sda1 sda15 sda16
2025-02-21T18:43:52.295497+00:00 fv-az1236-360 kernel: sd 0:0:0:0: [sda] Attached SCSI disk
2025-02-21T18:43:52.295497+00:00 fv-az1236-360 cloud-init[709]: ci-info: +++++++++++++++++++Route IPv6 info++++++++++++++++++++
2025-02-21T18:43:52.295499+00:00 fv-az1236-360 kernel: i2c_dev: i2c /dev entries driver
2025-02-21T18:43:52.295500+00:00 fv-az1236-360 kernel: sr 0:0:0:2: [sr0] scsi-1 drive
2025-02-21T18:43:52.295500+00:00 fv-az1236-360 kernel: device-mapper: core: CONFIG_IMA_DISABLE_HTABLE is disabled. Duplicate IMA measurements will not be recorded in the IMA log.
2025-02-21T18:43:52.295501+00:00 fv-az1236-360 kernel: cdrom: Uniform CD-ROM driver Revision: 3.20
2025-02-21T18:43:52.295501+00:00 fv-az1236-360 kernel: device-mapper: uevent: version 1.0.3
2025-02-21T18:43:52.295501+00:00 fv-az1236-360 kernel: sr 0:0:0:2: Attached scsi CD-ROM sr0
2025-02-21T18:43:52.295500+00:00 fv-az1236-360 cloud-init[709]: ci-info: +-------+-------------+---------+------------+-------+
2025-02-21T18:43:52.295503+00:00 fv-az1236-360 kernel: device-mapper: ioctl: 4.48.0-ioctl (2023-03-01) initialised: dm-devel@redhat.com
2025-02-21T18:43:52.295504+00:00 fv-az1236-360 kernel: sr 0:0:0:2: Attached scsi generic sg1 type 5
2025-02-21T18:43:52.295505+00:00 fv-az1236-360 kernel: ledtrig-cpu: registered to indicate activity on CPUs
2025-02-21T18:43:52.295505+00:00 fv-az1236-360 kernel: [drm] Initialized simpledrm 1.0.0 20200625 for simple-framebuffer.0 on minor 0
2025-02-21T18:43:52.295505+00:00 fv-az1236-360 cloud-init[709]: ci-info: | Route | Destination | Gateway | Interface  | Flags |
2025-02-21T18:43:52.295505+00:00 fv-az1236-360 kernel: Console: switching to colour frame buffer device 128x48
2025-02-21T18:43:52.295508+00:00 fv-az1236-360 kernel: simple-framebuffer simple-framebuffer.0: [drm] fb0: simpledrmdrmfb frame buffer device
2025-02-21T18:43:52.295508+00:00 fv-az1236-360 kernel: SMCCC: SOC_ID: ARCH_SOC_ID not implemented, skipping ....
2025-02-21T18:43:52.295508+00:00 fv-az1236-360 cloud-init[709]: ci-info: +-------+-------------+---------+------------+-------+
2025-02-21T18:43:52.295510+00:00 fv-az1236-360 kernel: hv_utils: Registering HyperV Utility Driver
2025-02-21T18:43:52.295510+00:00 fv-az1236-360 kernel: hv_vmbus: registering driver hv_utils
2025-02-21T18:43:52.295510+00:00 fv-az1236-360 cloud-init[709]: ci-info: |   0   |  fe80::/64  |    ::   |    eth0    |   U   |
2025-02-21T18:43:52.295511+00:00 fv-az1236-360 kernel: hv_vmbus: registering driver hv_balloon
2025-02-21T18:43:52.295512+00:00 fv-az1236-360 kernel: hv_utils: Heartbeat IC version 3.0
2025-02-21T18:43:52.295513+00:00 fv-az1236-360 kernel: hv_utils: Shutdown IC version 3.2
2025-02-21T18:43:52.295513+00:00 fv-az1236-360 kernel: hv_utils: TimeSync IC version 4.0
2025-02-21T18:43:52.295513+00:00 fv-az1236-360 cloud-init[709]: ci-info: |   1   |  fe80::/64  |    ::   | enP14745s1 |   U   |
2025-02-21T18:43:52.295515+00:00 fv-az1236-360 kernel: hw perfevents: enabled with armv8_pmuv3_0 PMU driver, 7 counters available
2025-02-21T18:43:52.295515+00:00 fv-az1236-360 kernel: hv_balloon: Using Dynamic Memory protocol version 2.0
2025-02-21T18:43:52.295515+00:00 fv-az1236-360 cloud-init[709]: ci-info: |   3   |    local    |    ::   |    eth0    |   U   |
2025-02-21T18:43:52.295516+00:00 fv-az1236-360 kernel: watchdog: Delayed init of the lockup detector failed: -19
2025-02-21T18:43:52.295517+00:00 fv-az1236-360 kernel: hv_balloon: Memory hot add disabled on ARM64
2025-02-21T18:43:52.295517+00:00 fv-az1236-360 kernel: watchdog: Hard watchdog permanently disabled
2025-02-21T18:43:52.295518+00:00 fv-az1236-360 kernel: drop_monitor: Initializing network drop monitor service
2025-02-21T18:43:52.295520+00:00 fv-az1236-360 kernel: NET: Registered PF_INET6 protocol family
2025-02-21T18:43:52.295520+00:00 fv-az1236-360 kernel: Segment Routing with IPv6
2025-02-21T18:43:52.295521+00:00 fv-az1236-360 kernel: In-situ OAM (IOAM) with IPv6
2025-02-21T18:43:52.295518+00:00 fv-az1236-360 cloud-init[709]: ci-info: |   4   |    local    |    ::   | enP14745s1 |   U   |
2025-02-21T18:43:52.295521+00:00 fv-az1236-360 kernel: NET: Registered PF_PACKET protocol family
2025-02-21T18:43:52.295522+00:00 fv-az1236-360 kernel: Key type dns_resolver registered
2025-02-21T18:43:52.295522+00:00 fv-az1236-360 kernel: registered taskstats version 1
2025-02-21T18:43:52.295522+00:00 fv-az1236-360 kernel: Loading compiled-in X.509 certificates
2025-02-21T18:43:52.295522+00:00 fv-az1236-360 cloud-init[709]: ci-info: |   5   |  multicast  |    ::   |    eth0    |   U   |
2025-02-21T18:43:52.295524+00:00 fv-az1236-360 kernel: Loaded X.509 cert 'Build time autogenerated kernel key: 138508dbf08dfa311431149c12181222d93ce031'
2025-02-21T18:43:52.295525+00:00 fv-az1236-360 kernel: Loaded X.509 cert 'Canonical Ltd. Live Patch Signing: 14df34d1a87cf37625abec039ef2bf521249b969'
2025-02-21T18:43:52.295525+00:00 fv-az1236-360 cloud-init[709]: ci-info: |   6   |  multicast  |    ::   | enP14745s1 |   U   |
2025-02-21T18:43:52.295525+00:00 fv-az1236-360 kernel: Loaded X.509 cert 'Canonical Ltd. Kernel Module Signing: 88f752e560a1e0737e31163a466ad7b70a850c19'
2025-02-21T18:43:52.295527+00:00 fv-az1236-360 kernel: blacklist: Loading compiled-in revocation X.509 certificates
2025-02-21T18:43:52.295527+00:00 fv-az1236-360 kernel: Loaded X.509 cert 'Canonical Ltd. Secure Boot Signing: 61482aa2830d0ab2ad5af10b7250da9033ddcef0'
2025-02-21T18:43:52.295527+00:00 fv-az1236-360 cloud-init[709]: ci-info: +-------+-------------+---------+------------+-------+
2025-02-21T18:43:52.295551+00:00 fv-az1236-360 kernel: Loaded X.509 cert 'Canonical Ltd. Secure Boot Signing (2017): 242ade75ac4a15e50d50c84b0d45ff3eae707a03'
2025-02-21T18:43:52.295554+00:00 fv-az1236-360 kernel: Loaded X.509 cert 'Canonical Ltd. Secure Boot Signing (ESM 2018): 365188c1d374d6b07c3c8f240f8ef722433d6a8b'
2025-02-21T18:43:52.295555+00:00 fv-az1236-360 kernel: Loaded X.509 cert 'Canonical Ltd. Secure Boot Signing (2019): c0746fd6c5da3ae827864651ad66ae47fe24b3e8'
2025-02-21T18:43:52.295556+00:00 fv-az1236-360 kernel: Loaded X.509 cert 'Canonical Ltd. Secure Boot Signing (2021 v1): a8d54bbb3825cfb94fa13c9f8a594a195c107b8d'
2025-02-21T18:43:52.295556+00:00 fv-az1236-360 kernel: Loaded X.509 cert 'Canonical Ltd. Secure Boot Signing (2021 v2): 4cf046892d6fd3c9a5b03f98d845f90851dc6a8c'
2025-02-21T18:43:52.295557+00:00 fv-az1236-360 kernel: nvme nvme0: 2/0/0 default/read/poll queues
2025-02-21T18:43:52.295558+00:00 fv-az1236-360 kernel: Loaded X.509 cert 'Canonical Ltd. Secure Boot Signing (2021 v3): 100437bb6de6e469b581e61cd66bce3ef4ed53af'
2025-02-21T18:43:52.295560+00:00 fv-az1236-360 kernel: Loaded X.509 cert 'Canonical Ltd. Secure Boot Signing (Ubuntu Core 2019): c1d57b8f6b743f23ee41f4f7ee292f06eecadfb9'
2025-02-21T18:43:52.295560+00:00 fv-az1236-360 kernel: Key type .fscrypt registered
2025-02-21T18:43:52.295560+00:00 fv-az1236-360 kernel: Key type fscrypt-provisioning registered
2025-02-21T18:43:52.295561+00:00 fv-az1236-360 kernel: Key type encrypted registered
2025-02-21T18:43:52.295561+00:00 fv-az1236-360 kernel: AppArmor: AppArmor sha256 policy hashing enabled
2025-02-21T18:43:52.295562+00:00 fv-az1236-360 kernel: integrity: Loading X.509 certificate: UEFI:db
2025-02-21T18:43:52.295562+00:00 fv-az1236-360 systemd[1]: systemd-fsckd.service: Deactivated successfully.
2025-02-21T18:43:52.295565+00:00 fv-az1236-360 kernel: integrity: Loaded X.509 cert 'Microsoft Windows Production PCA 2011: a92902398e16c49778cd90f99e4f9ae17c55af53'
2025-02-21T18:43:52.295566+00:00 fv-az1236-360 kernel: integrity: Loading X.509 certificate: UEFI:db
2025-02-21T18:43:52.295566+00:00 fv-az1236-360 kernel: integrity: Loaded X.509 cert 'Microsoft Corporation: Windows UEFI CA 2023: aefc5fbbbe055d8f8daa585473499417ab5a5272'
2025-02-21T18:43:52.295566+00:00 fv-az1236-360 cloud-init[709]: Generating public/private rsa key pair.
2025-02-21T18:43:52.295566+00:00 fv-az1236-360 kernel: ima: secureboot mode disabled
2025-02-21T18:43:52.295568+00:00 fv-az1236-360 kernel: ima: No TPM chip found, activating TPM-bypass!
2025-02-21T18:43:52.295568+00:00 fv-az1236-360 kernel: Loading compiled-in module X.509 certificates
2025-02-21T18:43:52.295570+00:00 fv-az1236-360 kernel: Loaded X.509 cert 'Build time autogenerated kernel key: 138508dbf08dfa311431149c12181222d93ce031'
2025-02-21T18:43:52.295570+00:00 fv-az1236-360 kernel: ima: Allocated hash algorithm: sha256
2025-02-21T18:43:52.295571+00:00 fv-az1236-360 kernel: ima: No architecture policies found
2025-02-21T18:43:52.295571+00:00 fv-az1236-360 kernel: evm: Initialising EVM extended attributes:
2025-02-21T18:43:52.295568+00:00 fv-az1236-360 cloud-init[709]: Your identification has been saved in /etc/ssh/ssh_host_rsa_key
2025-02-21T18:43:52.295571+00:00 fv-az1236-360 kernel: evm: security.selinux
2025-02-21T18:43:52.295572+00:00 fv-az1236-360 kernel: evm: security.SMACK64
2025-02-21T18:43:52.295572+00:00 fv-az1236-360 cloud-init[709]: Your public key has been saved in /etc/ssh/ssh_host_rsa_key.pub
2025-02-21T18:43:52.295575+00:00 fv-az1236-360 kernel: evm: security.SMACK64EXEC
2025-02-21T18:43:52.295575+00:00 fv-az1236-360 kernel: evm: security.SMACK64TRANSMUTE
2025-02-21T18:43:52.295576+00:00 fv-az1236-360 kernel: evm: security.SMACK64MMAP
2025-02-21T18:43:52.295576+00:00 fv-az1236-360 kernel: evm: security.apparmor
2025-02-21T18:43:52.295575+00:00 fv-az1236-360 cloud-init[709]: The key fingerprint is:
2025-02-21T18:43:52.295576+00:00 fv-az1236-360 kernel: evm: security.ima
2025-02-21T18:43:52.295578+00:00 fv-az1236-360 kernel: evm: security.capability
2025-02-21T18:43:52.295578+00:00 fv-az1236-360 cloud-init[709]: SHA256:gEyX0TXEfiLJZmFcohPQjzS15B5Vk7S3X0sPDMopxCU root@fv-az1236-360
2025-02-21T18:43:52.295580+00:00 fv-az1236-360 kernel: evm: HMAC attrs: 0x1
2025-02-21T18:43:52.295581+00:00 fv-az1236-360 kernel: clk: Disabling unused clocks
2025-02-21T18:43:52.295581+00:00 fv-az1236-360 kernel: md: Waiting for all devices to be available before autodetect
2025-02-21T18:43:52.295581+00:00 fv-az1236-360 kernel: md: If you don't use raid, use raid=noautodetect
2025-02-21T18:43:52.295581+00:00 fv-az1236-360 cloud-init[709]: The key's randomart image is:
2025-02-21T18:43:52.295582+00:00 fv-az1236-360 kernel: md: Autodetecting RAID arrays.
2025-02-21T18:43:52.295583+00:00 fv-az1236-360 kernel: md: autorun ...
2025-02-21T18:43:52.295583+00:00 fv-az1236-360 kernel: md: ... autorun DONE.
2025-02-21T18:43:52.295583+00:00 fv-az1236-360 cloud-init[709]: +---[RSA 3072]----+
2025-02-21T18:43:52.295585+00:00 fv-az1236-360 kernel: EXT4-fs (sda1): mounted filesystem 692c13d5-7245-4081-8358-4627061583d6 ro with ordered data mode. Quota mode: none.
2025-02-21T18:43:52.295586+00:00 fv-az1236-360 kernel: VFS: Mounted root (ext4 filesystem) readonly on device 8:1.
2025-02-21T18:43:52.295586+00:00 fv-az1236-360 kernel: devtmpfs: mounted
2025-02-21T18:43:52.295586+00:00 fv-az1236-360 kernel: Freeing unused kernel memory: 12544K
2025-02-21T18:43:52.295587+00:00 fv-az1236-360 kernel: Checked W+X mappings: passed, no W+X pages found
2025-02-21T18:43:52.295587+00:00 fv-az1236-360 kernel: Run /sbin/init as init process
2025-02-21T18:43:52.295585+00:00 fv-az1236-360 cloud-init[709]: |    oo+*E=Bo+.   |
2025-02-21T18:43:52.295589+00:00 fv-az1236-360 kernel:   with arguments:
2025-02-21T18:43:52.295590+00:00 fv-az1236-360 kernel:     /sbin/init
2025-02-21T18:43:52.295590+00:00 fv-az1236-360 kernel:   with environment:
2025-02-21T18:43:52.295590+00:00 fv-az1236-360 kernel:     HOME=/
2025-02-21T18:43:52.295590+00:00 fv-az1236-360 cloud-init[709]: |   o o=*=*...o   |
2025-02-21T18:43:52.295591+00:00 fv-az1236-360 kernel:     TERM=linux
2025-02-21T18:43:52.295591+00:00 fv-az1236-360 kernel:     BOOT_IMAGE=/vmlinuz-6.8.0-1020-azure
2025-02-21T18:43:52.295592+00:00 fv-az1236-360 cloud-init[709]: |    o.+**+  o .  |
2025-02-21T18:43:52.295593+00:00 fv-az1236-360 kernel: systemd[1]: Inserted module 'autofs4'
2025-02-21T18:43:52.295594+00:00 fv-az1236-360 kernel: systemd[1]: systemd 255.4-1ubuntu8.4 running in system mode (+PAM +AUDIT +SELINUX +APPARMOR +IMA +SMACK +SECCOMP +GCRYPT -GNUTLS +OPENSSL +ACL +BLKID +CURL +ELFUTILS +FIDO2 +IDN2 -IDN +IPTC +KMOD +LIBCRYPTSETUP +LIBFDISK +PCRE2 -PWQUALITY +P11KIT +QRENCODE +TPM2 +BZIP2 +LZ4 +XZ +ZLIB +ZSTD -BPF_FRAMEWORK -XKBCOMMON +UTMP +SYSVINIT default-hierarchy=unified)
2025-02-21T18:43:52.295594+00:00 fv-az1236-360 kernel: systemd[1]: Detected virtualization microsoft.
2025-02-21T18:43:52.295595+00:00 fv-az1236-360 kernel: systemd[1]: Detected architecture arm64.
2025-02-21T18:43:52.295594+00:00 fv-az1236-360 cloud-init[709]: |      .=Booo.+ . |
2025-02-21T18:43:52.295596+00:00 fv-az1236-360 kernel: systemd[1]: Hostname set to <localhost.localdomain>.
2025-02-21T18:43:52.295596+00:00 fv-az1236-360 kernel: systemd[1]: Queued start job for default target graphical.target.
2025-02-21T18:43:52.295597+00:00 fv-az1236-360 cloud-init[709]: |       oS.+o  +..|
2025-02-21T18:43:52.295598+00:00 fv-az1236-360 kernel: systemd[1]: Unnecessary job was removed for sys-devices-virtual-misc-vmbus\x21hv_fcopy.device - /sys/devices/virtual/misc/vmbus!hv_fcopy.
2025-02-21T18:43:52.295599+00:00 fv-az1236-360 kernel: systemd[1]: Unnecessary job was removed for sys-devices-virtual-misc-vmbus\x21hv_vss.device - /sys/devices/virtual/misc/vmbus!hv_vss.
2025-02-21T18:43:52.295599+00:00 fv-az1236-360 kernel: systemd[1]: Created slice azure.slice - Slice for Azure VM Agent and Extensions.
2025-02-21T18:43:52.295600+00:00 fv-az1236-360 kernel: systemd[1]: Created slice system-modprobe.slice - Slice /system/modprobe.
2025-02-21T18:43:52.295600+00:00 fv-az1236-360 kernel: systemd[1]: Created slice system-serial\x2dgetty.slice - Slice /system/serial-getty.
2025-02-21T18:43:52.295599+00:00 fv-az1236-360 cloud-init[709]: |         .    .o+|
2025-02-21T18:43:52.295601+00:00 fv-az1236-360 kernel: systemd[1]: Created slice system-systemd\x2dfsck.slice - Slice /system/systemd-fsck.
2025-02-21T18:43:52.295602+00:00 fv-az1236-360 cloud-init[709]: |               .o|
2025-02-21T18:43:52.295603+00:00 fv-az1236-360 kernel: systemd[1]: Created slice user.slice - User and Session Slice.
2025-02-21T18:43:52.295604+00:00 fv-az1236-360 kernel: systemd[1]: Started systemd-ask-password-wall.path - Forward Password Requests to Wall Directory Watch.
2025-02-21T18:43:52.295604+00:00 fv-az1236-360 kernel: systemd[1]: Set up automount proc-sys-fs-binfmt_misc.automount - Arbitrary Executable File Formats File System Automount Point.
2025-02-21T18:43:52.295605+00:00 fv-az1236-360 kernel: systemd[1]: Expecting device dev-disk-by\x2dlabel-BOOT.device - /dev/disk/by-label/BOOT...
2025-02-21T18:43:52.295605+00:00 fv-az1236-360 kernel: systemd[1]: Expecting device dev-disk-by\x2duuid-C9E5\x2d37F8.device - /dev/disk/by-uuid/C9E5-37F8...
2025-02-21T18:43:52.295605+00:00 fv-az1236-360 kernel: systemd[1]: Expecting device dev-ttyAMA0.device - /dev/ttyAMA0...
2025-02-21T18:43:52.295604+00:00 fv-az1236-360 cloud-init[709]: |                 |
2025-02-21T18:43:52.295607+00:00 fv-az1236-360 kernel: systemd[1]: Expecting device sys-devices-virtual-misc-vmbus\x21hv_kvp.device - /sys/devices/virtual/misc/vmbus!hv_kvp...
2025-02-21T18:43:52.295608+00:00 fv-az1236-360 kernel: systemd[1]: Reached target integritysetup.target - Local Integrity Protected Volumes.
2025-02-21T18:43:52.295608+00:00 fv-az1236-360 kernel: systemd[1]: Reached target slices.target - Slice Units.
2025-02-21T18:43:52.295609+00:00 fv-az1236-360 kernel: systemd[1]: Reached target snapd.mounts-pre.target - Mounting snaps.
2025-02-21T18:43:52.295609+00:00 fv-az1236-360 kernel: systemd[1]: Reached target snapd.mounts.target - Mounted snaps.
2025-02-21T18:43:52.295610+00:00 fv-az1236-360 kernel: systemd[1]: Reached target swap.target - Swaps.
2025-02-21T18:43:52.295611+00:00 fv-az1236-360 kernel: systemd[1]: Reached target time-set.target - System Time Set.
2025-02-21T18:43:52.295612+00:00 fv-az1236-360 kernel: systemd[1]: Reached target veritysetup.target - Local Verity Protected Volumes.
2025-02-21T18:43:52.295608+00:00 fv-az1236-360 cloud-init[709]: |                 |
2025-02-21T18:43:52.295612+00:00 fv-az1236-360 kernel: systemd[1]: Listening on dm-event.socket - Device-mapper event daemon FIFOs.
2025-02-21T18:43:52.295611+00:00 fv-az1236-360 cloud-init[709]: +----[SHA256]-----+
2025-02-21T18:43:52.295615+00:00 fv-az1236-360 kernel: systemd[1]: Listening on lvm2-lvmpolld.socket - LVM2 poll daemon socket.
2025-02-21T18:43:52.295615+00:00 fv-az1236-360 kernel: systemd[1]: Listening on multipathd.socket - multipathd control socket.
2025-02-21T18:43:52.295616+00:00 fv-az1236-360 kernel: systemd[1]: Listening on syslog.socket - Syslog Socket.
2025-02-21T18:43:52.295616+00:00 fv-az1236-360 cloud-init[709]: Generating public/private ecdsa key pair.
2025-02-21T18:43:52.295617+00:00 fv-az1236-360 kernel: systemd[1]: Listening on systemd-coredump.socket - Process Core Dump Socket.
2025-02-21T18:43:52.295618+00:00 fv-az1236-360 kernel: systemd[1]: Listening on systemd-fsckd.socket - fsck to fsckd communication Socket.
2025-02-21T18:43:52.295618+00:00 fv-az1236-360 cloud-init[709]: Your identification has been saved in /etc/ssh/ssh_host_ecdsa_key
2025-02-21T18:43:52.295619+00:00 fv-az1236-360 kernel: systemd[1]: Listening on systemd-initctl.socket - initctl Compatibility Named Pipe.
2025-02-21T18:43:52.295620+00:00 fv-az1236-360 kernel: systemd[1]: Listening on systemd-journald-dev-log.socket - Journal Socket (/dev/log).
2025-02-21T18:43:52.295620+00:00 fv-az1236-360 kernel: systemd[1]: Listening on systemd-journald.socket - Journal Socket.
2025-02-21T18:43:52.295621+00:00 fv-az1236-360 kernel: systemd[1]: Listening on systemd-networkd.socket - Network Service Netlink Socket.
2025-02-21T18:43:52.295621+00:00 fv-az1236-360 kernel: systemd[1]: systemd-pcrextend.socket - TPM2 PCR Extension (Varlink) was skipped because of an unmet condition check (ConditionSecurity=measured-uki).
2025-02-21T18:43:52.295623+00:00 fv-az1236-360 kernel: systemd[1]: Listening on systemd-udevd-control.socket - udev Control Socket.
2025-02-21T18:43:52.295623+00:00 fv-az1236-360 kernel: systemd[1]: Listening on systemd-udevd-kernel.socket - udev Kernel Socket.
2025-02-21T18:43:52.295624+00:00 fv-az1236-360 kernel: systemd[1]: Mounting dev-hugepages.mount - Huge Pages File System...
2025-02-21T18:43:52.295621+00:00 fv-az1236-360 cloud-init[709]: Your public key has been saved in /etc/ssh/ssh_host_ecdsa_key.pub
2025-02-21T18:43:52.295624+00:00 fv-az1236-360 kernel: systemd[1]: Mounting dev-mqueue.mount - POSIX Message Queue File System...
2025-02-21T18:43:52.295625+00:00 fv-az1236-360 kernel: systemd[1]: Mounting sys-kernel-debug.mount - Kernel Debug File System...
2025-02-21T18:43:52.295625+00:00 fv-az1236-360 kernel: systemd[1]: Mounting sys-kernel-tracing.mount - Kernel Trace File System...
2025-02-21T18:43:52.295625+00:00 fv-az1236-360 cloud-init[709]: The key fingerprint is:
2025-02-21T18:43:52.295627+00:00 fv-az1236-360 kernel: systemd[1]: Starting systemd-journald.service - Journal Service...
2025-02-21T18:43:52.295628+00:00 fv-az1236-360 kernel: systemd[1]: Starting keyboard-setup.service - Set the console keyboard layout...
2025-02-21T18:43:52.295628+00:00 fv-az1236-360 cloud-init[709]: SHA256:3LOsz4Is8nyWTKqllqxT9e2+UqaGFg+4tlPQGzJ6aXc root@fv-az1236-360
2025-02-21T18:43:52.295630+00:00 fv-az1236-360 cloud-init[709]: The key's randomart image is:
2025-02-21T18:43:52.295632+00:00 fv-az1236-360 cloud-init[709]: +---[ECDSA 256]---+
2025-02-21T18:43:52.295634+00:00 fv-az1236-360 cloud-init[709]: |                 |
2025-02-21T18:43:52.295635+00:00 fv-az1236-360 cloud-init[709]: |                 |
2025-02-21T18:43:52.295639+00:00 fv-az1236-360 cloud-init[709]: |   .             |
2025-02-21T18:43:52.295641+00:00 fv-az1236-360 cloud-init[709]: |  + +  . .       |
2025-02-21T18:43:52.295643+00:00 fv-az1236-360 cloud-init[709]: | . B + .S o      |
2025-02-21T18:43:52.295645+00:00 fv-az1236-360 cloud-init[709]: |. * * E +. o     |
2025-02-21T18:43:52.295647+00:00 fv-az1236-360 cloud-init[709]: | = =.@ B  o      |
2025-02-21T18:43:52.295647+00:00 fv-az1236-360 kernel: systemd-journald[151]: Collecting audit messages is disabled.
2025-02-21T18:43:52.295648+00:00 fv-az1236-360 kernel: systemd[1]: Starting kmod-static-nodes.service - Create List of Static Device Nodes...
2025-02-21T18:43:52.295649+00:00 fv-az1236-360 kernel: systemd[1]: Starting lvm2-monitor.service - Monitoring of LVM2 mirrors, snapshots etc. using dmeventd or progress polling...
2025-02-21T18:43:52.295650+00:00 fv-az1236-360 kernel: systemd[1]: Starting modprobe@configfs.service - Load Kernel Module configfs...
2025-02-21T18:43:52.295648+00:00 fv-az1236-360 cloud-init[709]: |. O+= % oo       |
2025-02-21T18:43:52.295652+00:00 fv-az1236-360 kernel: systemd[1]: Starting modprobe@dm_mod.service - Load Kernel Module dm_mod...
2025-02-21T18:43:52.295653+00:00 fv-az1236-360 kernel: systemd[1]: Starting modprobe@drm.service - Load Kernel Module drm...
2025-02-21T18:43:52.295653+00:00 fv-az1236-360 kernel: systemd[1]: Starting modprobe@efi_pstore.service - Load Kernel Module efi_pstore...
2025-02-21T18:43:52.295653+00:00 fv-az1236-360 kernel: pstore: Using crash dump compression: deflate
2025-02-21T18:43:52.295653+00:00 fv-az1236-360 cloud-init[709]: |.=+Bo= o++o      |
2025-02-21T18:43:52.295654+00:00 fv-az1236-360 kernel: systemd[1]: Starting modprobe@fuse.service - Load Kernel Module fuse...
2025-02-21T18:43:52.295656+00:00 fv-az1236-360 kernel: pstore: Registered efi_pstore as persistent store backend
2025-02-21T18:43:52.295656+00:00 fv-az1236-360 kernel: systemd[1]: Starting modprobe@loop.service - Load Kernel Module loop...
2025-02-21T18:43:52.295656+00:00 fv-az1236-360 cloud-init[709]: +----[SHA256]-----+
2025-02-21T18:43:52.295658+00:00 fv-az1236-360 cloud-init[709]: Generating public/private ed25519 key pair.
2025-02-21T18:43:52.295659+00:00 fv-az1236-360 kernel: systemd[1]: Starting modprobe@nvme_fabrics.service - Load Kernel Module nvme_fabrics...
2025-02-21T18:43:52.295660+00:00 fv-az1236-360 kernel: systemd[1]: netplan-ovs-cleanup.service - OpenVSwitch configuration for cleanup was skipped because of an unmet condition check (ConditionFileIsExecutable=/usr/bin/ovs-vsctl).
2025-02-21T18:43:52.295660+00:00 fv-az1236-360 kernel: systemd[1]: Starting systemd-fsck-root.service - File System Check on Root Device...
2025-02-21T18:43:52.295660+00:00 fv-az1236-360 kernel: systemd[1]: Starting systemd-modules-load.service - Load Kernel Modules...
2025-02-21T18:43:52.295661+00:00 fv-az1236-360 kernel: systemd[1]: systemd-pcrmachine.service - TPM2 PCR Machine ID Measurement was skipped because of an unmet condition check (ConditionSecurity=measured-uki).
2025-02-21T18:43:52.295660+00:00 fv-az1236-360 cloud-init[709]: Your identification has been saved in /etc/ssh/ssh_host_ed25519_key
2025-02-21T18:43:52.295663+00:00 fv-az1236-360 kernel: systemd[1]: systemd-tpm2-setup-early.service - TPM2 SRK Setup (Early) was skipped because of an unmet condition check (ConditionSecurity=measured-uki).
2025-02-21T18:43:52.295663+00:00 fv-az1236-360 kernel: systemd[1]: Starting systemd-udev-trigger.service - Coldplug All udev Devices...
2025-02-21T18:43:52.295663+00:00 fv-az1236-360 cloud-init[709]: Your public key has been saved in /etc/ssh/ssh_host_ed25519_key.pub
2025-02-21T18:43:52.295664+00:00 fv-az1236-360 kernel: systemd[1]: Started systemd-journald.service - Journal Service.
2025-02-21T18:43:52.295665+00:00 fv-az1236-360 kernel: EXT4-fs (sda1): re-mounted 692c13d5-7245-4081-8358-4627061583d6 r/w. Quota mode: none.
2025-02-21T18:43:52.295665+00:00 fv-az1236-360 kernel: systemd-journald[151]: Received client request to flush runtime journal.
2025-02-21T18:43:52.295666+00:00 fv-az1236-360 kernel: systemd-journald[151]: /var/log/journal/a5f197b1b8234771a6bbb793f9d18246/system.journal: Journal file uses a different sequence number ID, rotating.
2025-02-21T18:43:52.295668+00:00 fv-az1236-360 kernel: systemd-journald[151]: Rotating system journal.
2025-02-21T18:43:52.295668+00:00 fv-az1236-360 kernel: hid: raw HID events driver (C) Jiri Kosina
2025-02-21T18:43:52.295666+00:00 fv-az1236-360 cloud-init[709]: The key fingerprint is:
2025-02-21T18:43:52.295669+00:00 fv-az1236-360 kernel: hv_vmbus: registering driver hv_netvsc
2025-02-21T18:43:52.295670+00:00 fv-az1236-360 kernel: hv_vmbus: registering driver hid_hyperv
2025-02-21T18:43:52.295670+00:00 fv-az1236-360 kernel: input: Microsoft Vmbus HID-compliant Mouse as /devices/0006:045E:0621.0001/input/input0
2025-02-21T18:43:52.295671+00:00 fv-az1236-360 kernel: hid 0006:045E:0621.0001: input: VIRTUAL HID v0.01 Mouse [Microsoft Vmbus HID-compliant Mouse] on 
2025-02-21T18:43:52.295670+00:00 fv-az1236-360 cloud-init[709]: SHA256:WlsT4i0cTpO2qTgYjTxs3Q19X8JCc3yz0rPEKNYEOZ4 root@fv-az1236-360
2025-02-21T18:43:52.295671+00:00 fv-az1236-360 kernel: hv_vmbus: registering driver hyperv_keyboard
2025-02-21T18:43:52.295674+00:00 fv-az1236-360 cloud-init[709]: The key's randomart image is:
2025-02-21T18:43:52.295675+00:00 fv-az1236-360 kernel: hv_vmbus: registering driver hyperv_drm
2025-02-21T18:43:52.295676+00:00 fv-az1236-360 kernel: input: AT Translated Set 2 keyboard as /devices/LNXSYSTM:00/LNXSYBUS:00/ACPI0004:00/MSFT1000:00/d34b2567-b9b6-42b9-8778-0a4ec0b955bf/serio0/input/input1
2025-02-21T18:43:52.295676+00:00 fv-az1236-360 kernel: hyperv_drm 5620e0c7-8062-4dce-aeb7-520c7ef76171: [drm] Synthvid Version major 3, minor 5
2025-02-21T18:43:52.295676+00:00 fv-az1236-360 cloud-init[709]: +--[ED25519 256]--+
2025-02-21T18:43:52.295677+00:00 fv-az1236-360 kernel: Console: switching to colour dummy device 80x25
2025-02-21T18:43:52.295679+00:00 fv-az1236-360 kernel: [drm] Initialized hyperv_drm 1.0.0 2020 for 5620e0c7-8062-4dce-aeb7-520c7ef76171 on minor 1
2025-02-21T18:43:52.295679+00:00 fv-az1236-360 kernel: Console: switching to colour frame buffer device 128x48
2025-02-21T18:43:52.295679+00:00 fv-az1236-360 cloud-init[709]: |          ++.    |
2025-02-21T18:43:52.295681+00:00 fv-az1236-360 kernel: hyperv_drm 5620e0c7-8062-4dce-aeb7-520c7ef76171: [drm] fb0: hyperv_drmdrmfb frame buffer device
2025-02-21T18:43:52.295682+00:00 fv-az1236-360 kernel: hv_utils: KVP IC version 4.0
2025-02-21T18:43:52.295681+00:00 fv-az1236-360 cloud-init[709]: |       . oo+o o  |
2025-02-21T18:43:52.295682+00:00 fv-az1236-360 kernel: EXT4-fs (sda16): mounted filesystem 1f8687ed-884b-43d5-8241-13dd4b45b98d r/w with ordered data mode. Quota mode: none.
2025-02-21T18:43:52.295683+00:00 fv-az1236-360 kernel: audit: type=1400 audit(1740163385.348:2): apparmor="STATUS" operation="profile_load" profile="unconfined" name="QtWebEngineProcess" pid=436 comm="apparmor_parser"
2025-02-21T18:43:52.295684+00:00 fv-az1236-360 kernel: audit: type=1400 audit(1740163385.348:3): apparmor="STATUS" operation="profile_load" profile="unconfined" name=4D6F6E676F444220436F6D70617373 pid=435 comm="apparmor_parser"
2025-02-21T18:43:52.295686+00:00 fv-az1236-360 kernel: audit: type=1400 audit(1740163385.348:4): apparmor="STATUS" operation="profile_load" profile="unconfined" name="1password" pid=433 comm="apparmor_parser"
2025-02-21T18:43:52.295686+00:00 fv-az1236-360 kernel: audit: type=1400 audit(1740163385.348:5): apparmor="STATUS" operation="profile_load" profile="unconfined" name="Discord" pid=434 comm="apparmor_parser"
2025-02-21T18:43:52.295687+00:00 fv-az1236-360 kernel: audit: type=1400 audit(1740163385.357:6): apparmor="STATUS" operation="profile_load" profile="unconfined" name="balena-etcher" pid=438 comm="apparmor_parser"
2025-02-21T18:43:52.295687+00:00 fv-az1236-360 kernel: audit: type=1400 audit(1740163385.357:7): apparmor="STATUS" operation="profile_load" profile="unconfined" name="busybox" pid=442 comm="apparmor_parser"
